Archive member included to satisfy reference by file (symbol)

/usr/lib/gcc/arm-none-eabi/13.2.1/thumb/v6-m/nofp/libgcc.a(_dvmd_tls.o)
                              CMakeFiles/proyectofinal.dir/opt/pico-sdk/src/rp2_common/pico_divider/divider_hardware.S.obj (__aeabi_idiv0)
/usr/lib/gcc/arm-none-eabi/13.2.1/../../../arm-none-eabi/lib/thumb/v6-m/nofp/libg.a(libc_a-strncmp.o)
                              CMakeFiles/proyectofinal.dir/opt/pico-sdk/lib/lwip/src/core/def.c.obj (strncmp)
/usr/lib/gcc/arm-none-eabi/13.2.1/../../../arm-none-eabi/lib/thumb/v6-m/nofp/libg.a(libc_a-memmove.o)
                              CMakeFiles/proyectofinal.dir/opt/pico-sdk/lib/lwip/src/core/def.c.obj (memmove)
/usr/lib/gcc/arm-none-eabi/13.2.1/../../../arm-none-eabi/lib/thumb/v6-m/nofp/libg.a(libc_a-calloc.o)
                              CMakeFiles/proyectofinal.dir/opt/pico-sdk/src/rp2_common/pico_malloc/malloc.c.obj (calloc)
/usr/lib/gcc/arm-none-eabi/13.2.1/../../../arm-none-eabi/lib/thumb/v6-m/nofp/libg.a(libc_a-impure.o)
                              /usr/lib/gcc/arm-none-eabi/13.2.1/../../../arm-none-eabi/lib/thumb/v6-m/nofp/libg.a(libc_a-calloc.o) (_impure_ptr)
/usr/lib/gcc/arm-none-eabi/13.2.1/../../../arm-none-eabi/lib/thumb/v6-m/nofp/libg.a(libc_a-callocr.o)
                              /usr/lib/gcc/arm-none-eabi/13.2.1/../../../arm-none-eabi/lib/thumb/v6-m/nofp/libg.a(libc_a-calloc.o) (_calloc_r)
/usr/lib/gcc/arm-none-eabi/13.2.1/../../../arm-none-eabi/lib/thumb/v6-m/nofp/libg.a(libc_a-realloc.o)
                              CMakeFiles/proyectofinal.dir/opt/pico-sdk/src/rp2_common/pico_malloc/malloc.c.obj (realloc)
/usr/lib/gcc/arm-none-eabi/13.2.1/../../../arm-none-eabi/lib/thumb/v6-m/nofp/libg.a(libc_a-mallocr.o)
                              /usr/lib/gcc/arm-none-eabi/13.2.1/../../../arm-none-eabi/lib/thumb/v6-m/nofp/libg.a(libc_a-callocr.o) (_malloc_r)
/usr/lib/gcc/arm-none-eabi/13.2.1/../../../arm-none-eabi/lib/thumb/v6-m/nofp/libg.a(libc_a-freer.o)
                              /usr/lib/gcc/arm-none-eabi/13.2.1/../../../arm-none-eabi/lib/thumb/v6-m/nofp/libg.a(libc_a-mallocr.o) (_free_r)
/usr/lib/gcc/arm-none-eabi/13.2.1/../../../arm-none-eabi/lib/thumb/v6-m/nofp/libg.a(libc_a-memcmp.o)
                              CMakeFiles/proyectofinal.dir/opt/pico-sdk/src/rp2_common/pico_atomic/atomic.c.obj (memcmp)
/usr/lib/gcc/arm-none-eabi/13.2.1/../../../arm-none-eabi/lib/thumb/v6-m/nofp/libg.a(libc_a-atoi.o)
                              CMakeFiles/proyectofinal.dir/opt/pico-sdk/lib/lwip/src/core/netif.c.obj (atoi)
/usr/lib/gcc/arm-none-eabi/13.2.1/../../../arm-none-eabi/lib/thumb/v6-m/nofp/libg.a(libc_a-strtol.o)
                              /usr/lib/gcc/arm-none-eabi/13.2.1/../../../arm-none-eabi/lib/thumb/v6-m/nofp/libg.a(libc_a-atoi.o) (_strtol_r)
/usr/lib/gcc/arm-none-eabi/13.2.1/../../../arm-none-eabi/lib/thumb/v6-m/nofp/libg.a(libc_a-malloc.o)
                              CMakeFiles/proyectofinal.dir/opt/pico-sdk/src/rp2_common/pico_malloc/malloc.c.obj (malloc)
/usr/lib/gcc/arm-none-eabi/13.2.1/../../../arm-none-eabi/lib/thumb/v6-m/nofp/libg.a(libc_a-sysconf.o)
                              /usr/lib/gcc/arm-none-eabi/13.2.1/../../../arm-none-eabi/lib/thumb/v6-m/nofp/libg.a(libc_a-mallocr.o) (sysconf)
/usr/lib/gcc/arm-none-eabi/13.2.1/../../../arm-none-eabi/lib/thumb/v6-m/nofp/libg.a(libc_a-init.o)
                              /usr/lib/gcc/arm-none-eabi/13.2.1/../../../arm-none-eabi/lib/thumb/v6-m/nofp/crt0.o (__libc_init_array)
/usr/lib/gcc/arm-none-eabi/13.2.1/../../../arm-none-eabi/lib/thumb/v6-m/nofp/libg.a(libc_a-reallocr.o)
                              /usr/lib/gcc/arm-none-eabi/13.2.1/../../../arm-none-eabi/lib/thumb/v6-m/nofp/libg.a(libc_a-realloc.o) (_realloc_r)
/usr/lib/gcc/arm-none-eabi/13.2.1/../../../arm-none-eabi/lib/thumb/v6-m/nofp/libg.a(libc_a-mktime.o)
                              CMakeFiles/proyectofinal.dir/opt/pico-sdk/src/common/pico_util/datetime.c.obj (mktime)
/usr/lib/gcc/arm-none-eabi/13.2.1/../../../arm-none-eabi/lib/thumb/v6-m/nofp/libg.a(libc_a-mlock.o)
                              /usr/lib/gcc/arm-none-eabi/13.2.1/../../../arm-none-eabi/lib/thumb/v6-m/nofp/libg.a(libc_a-mallocr.o) (__malloc_lock)
/usr/lib/gcc/arm-none-eabi/13.2.1/../../../arm-none-eabi/lib/thumb/v6-m/nofp/libg.a(libc_a-findfp.o)
                              /usr/lib/gcc/arm-none-eabi/13.2.1/../../../arm-none-eabi/lib/thumb/v6-m/nofp/libg.a(libc_a-impure.o) (__sf)
/usr/lib/gcc/arm-none-eabi/13.2.1/../../../arm-none-eabi/lib/thumb/v6-m/nofp/libg.a(libc_a-tzlock.o)
                              /usr/lib/gcc/arm-none-eabi/13.2.1/../../../arm-none-eabi/lib/thumb/v6-m/nofp/libg.a(libc_a-mktime.o) (__tz_lock)
/usr/lib/gcc/arm-none-eabi/13.2.1/../../../arm-none-eabi/lib/thumb/v6-m/nofp/libg.a(libc_a-ctype_.o)
                              CMakeFiles/proyectofinal.dir/opt/pico-sdk/lib/lwip/src/core/dns.c.obj (_ctype_)
[...]
Memory Configuration

Name             Origin             Length             Attributes
FLASH            0x10000000         0x00200000         xr
RAM              0x20000000         0x00040000         xrw
SCRATCH_X        0x20040000         0x00001000         xrw
SCRATCH_Y        0x20041000         0x00001000         xrw
*default*        0x00000000         0xffffffff

Linker script and memory map

LOAD /usr/lib/gcc/arm-none-eabi/13.2.1/thumb/v6-m/nofp/crti.o
LOAD /usr/lib/gcc/arm-none-eabi/13.2.1/thumb/v6-m/nofp/crtbegin.o
LOAD /usr/lib/gcc/arm-none-eabi/13.2.1/../../../arm-none-eabi/lib/thumb/v6-m/nofp/crt0.o

.flash_begin    0x10000000        0x0
                0x10000000                        __flash_binary_start = .

.boot2          0x10000000      0x100
                0x10000000                        __boot2_start__ = .
 *(.boot2)
 .boot2         0x10000000      0x100 /tmp/ccwqGCx0.o
                0x10000100                        __boot2_end__ = .
                0x00000001                        ASSERT (((__boot2_end__ - __boot2_start__) == 0x100), ERROR: Pico second stage bootloader must be 256 bytes in size)

.text           0x10000100    0x1a63c
                0x10000100                        __logical_binary_start = .
 *(.vectors)
 .vectors       0x10000100       0xd4 CMakeFiles/proyectofinal.dir/opt/pico-sdk/src/rp2_common/pico_crt0/crt0.S.obj
                0x10000100                __vectors
                0x10000100                __VECTOR_TABLE
                0x100001c0                isr_invalid
                0x100001c0                __default_isrs_start
                0x100001c2                isr_nmi
                0x100001c4                isr_hardfault
                0x100001c6                isr_svcall
                0x100001c8                isr_pendsv
                0x100001ca                isr_systick
                0x100001cc                isr_irq30
                0x100001cc                __unhandled_user_irq
                0x100001cc                isr_irq13
                0x100001cc                isr_irq27
                0x100001cc                isr_irq31
                0x100001cc                isr_irq5
                0x100001cc                isr_irq11
                0x100001cc                isr_irq23
                0x100001cc                isr_irq18
                0x100001cc                isr_irq28
                0x100001cc                isr_irq19
                0x100001cc                isr_irq0
                0x100001cc                isr_irq6
                0x100001cc                isr_irq22
                0x100001cc                isr_irq17
                0x100001cc                isr_irq14
                0x100001cc                isr_irq2
                0x100001cc                isr_irq10
                0x100001cc                isr_irq8
                0x100001cc                isr_irq24
                0x100001cc                isr_irq1
                0x100001cc                isr_irq7
                0x100001cc                isr_irq21
                0x100001cc                isr_irq20
                0x100001cc                isr_irq15
                0x100001cc                isr_irq25
                0x100001cc                isr_irq4
                0x100001cc                isr_irq16
                0x100001cc                isr_irq29
                0x100001cc                isr_irq26
                0x100001cc                __default_isrs_end
                0x100001cc                isr_irq3
                0x100001cc                isr_irq12
                0x100001cc                isr_irq9
                0x100001d2                unhandled_user_irq_num_in_r0
 *(.binary_info_header)
 .binary_info_header
                0x100001d4       0x14 CMakeFiles/proyectofinal.dir/opt/pico-sdk/src/rp2_common/pico_crt0/crt0.S.obj
                0x100001e8                        __binary_info_header_end = .
 *(.embedded_block)
                0x100001e8                        __embedded_block_end = .
 *(.reset)
 .reset         0x100001e8       0x9c CMakeFiles/proyectofinal.dir/opt/pico-sdk/src/rp2_common/pico_crt0/crt0.S.obj
                0x100001e8                _entry_point
 *(.init)
 .init          0x10000284        0x4 /usr/lib/gcc/arm-none-eabi/13.2.1/thumb/v6-m/nofp/crti.o
                0x10000284                _init
 *(EXCLUDE_FILE(*libm.a: *libc.a:*lib_a-mem*.o *libgcc.a:) .text*)
 .text          0x10000288       0x98 /usr/lib/gcc/arm-none-eabi/13.2.1/thumb/v6-m/nofp/crtbegin.o
 .text.usb_task
                0x10000320       0x74 CMakeFiles/proyectofinal.dir/main.c.obj
                0x10000320                usb_task
 .text.oled_task
                0x10000394       0xec CMakeFiles/proyectofinal.dir/main.c.obj
                0x10000394                oled_task
 .text.bmp280_init
                0x10000480       0x40 CMakeFiles/proyectofinal.dir/main.c.obj
                0x10000480                bmp280_init
 .text.bmp280_convert_pressure
                0x100004c0       0xd8 CMakeFiles/proyectofinal.dir/main.c.obj
                0x100004c0                bmp280_convert_pressure
 .text.bmp280_get_calib_params
                0x10000598       0x70 CMakeFiles/proyectofinal.dir/main.c.obj
                0x10000598                bmp280_get_calib_params
 .text.tempBMP_task
                0x10000608       0xf4 CMakeFiles/proyectofinal.dir/main.c.obj
                0x10000608                tempBMP_task
 .text.startup.main
                0x100006fc      0x114 CMakeFiles/proyectofinal.dir/main.c.obj
                0x100006fc                main
 .text.ssd1306_draw_char_with_font.part.0
                0x10000810      0x160 CMakeFiles/proyectofinal.dir/ssd1306.c.obj
 .text.ssd1306_init
                0x10000970      0x144 CMakeFiles/proyectofinal.dir/ssd1306.c.obj
                0x10000970                ssd1306_init
 .text.ssd1306_clear
                0x10000ab4       0x10 CMakeFiles/proyectofinal.dir/ssd1306.c.obj
                0x10000ab4                ssd1306_clear
 .text.ssd1306_draw_string
                0x10000ac4       0x68 CMakeFiles/proyectofinal.dir/ssd1306.c.obj
                0x10000ac4                ssd1306_draw_string
 .text.ssd1306_show
                0x10000b2c       0xd0 CMakeFiles/proyectofinal.dir/ssd1306.c.obj
                0x10000b2c                ssd1306_show
 .text.gpio_set_function
                0x10000bfc       0x34 CMakeFiles/proyectofinal.dir/opt/pico-sdk/src/rp2_common/hardware_gpio/gpio.c.obj
                0x10000bfc                gpio_set_function
 .text.gpio_set_pulls
                0x10000c30       0x28 CMakeFiles/proyectofinal.dir/opt/pico-sdk/src/rp2_common/hardware_gpio/gpio.c.obj
                0x10000c30                gpio_set_pulls
 .text.gpio_set_input_hysteresis_enabled
                0x10000c58       0x28 CMakeFiles/proyectofinal.dir/opt/pico-sdk/src/rp2_common/hardware_gpio/gpio.c.obj
                0x10000c58                gpio_set_input_hysteresis_enabled
 .text.gpio_set_irq_enabled
                0x10000c80       0x58 CMakeFiles/proyectofinal.dir/opt/pico-sdk/src/rp2_common/hardware_gpio/gpio.c.obj
                0x10000c80                gpio_set_irq_enabled
 .text.gpio_add_raw_irq_handler_with_order_priority_masked
                0x10000cd8       0x44 CMakeFiles/proyectofinal.dir/opt/pico-sdk/src/rp2_common/hardware_gpio/gpio.c.obj
                0x10000cd8                gpio_add_raw_irq_handler_with_order_priority_masked
 .text.gpio_remove_raw_irq_handler_masked
                0x10000d1c       0x20 CMakeFiles/proyectofinal.dir/opt/pico-sdk/src/rp2_common/hardware_gpio/gpio.c.obj
                0x10000d1c                gpio_remove_raw_irq_handler_masked
 .text.gpio_init
                0x10000d3c       0x40 CMakeFiles/proyectofinal.dir/opt/pico-sdk/src/rp2_common/hardware_gpio/gpio.c.obj
                0x10000d3c                gpio_init
 .text.rp2040_chip_version
                0x10000d7c        0xc CMakeFiles/proyectofinal.dir/opt/pico-sdk/src/rp2040/pico_platform/platform.c.obj
                0x10000d7c                rp2040_chip_version
 .text.panic    0x10000d88       0x30 CMakeFiles/proyectofinal.dir/opt/pico-sdk/src/rp2_common/pico_platform_panic/panic.c.obj
                0x10000d88                panic
 .text.panic_unsupported
                0x10000db8        0xc CMakeFiles/proyectofinal.dir/opt/pico-sdk/src/rp2_common/pico_platform_panic/panic.c.obj
                0x10000db8                panic_unsupported
 .text.hw_claim_lock
                0x10000dc4       0x18 CMakeFiles/proyectofinal.dir/opt/pico-sdk/src/common/hardware_claim/claim.c.obj
                0x10000dc4                hw_claim_lock
 .text.hw_claim_unlock
                0x10000ddc       0x14 CMakeFiles/proyectofinal.dir/opt/pico-sdk/src/common/hardware_claim/claim.c.obj
                0x10000ddc                hw_claim_unlock
 .text.hw_claim_or_assert
                0x10000df0       0x44 CMakeFiles/proyectofinal.dir/opt/pico-sdk/src/common/hardware_claim/claim.c.obj
                0x10000df0                hw_claim_or_assert
 .text.hw_claim_unused_from_range
                0x10000e34       0x9c CMakeFiles/proyectofinal.dir/opt/pico-sdk/src/common/hardware_claim/claim.c.obj
                0x10000e34                hw_claim_unused_from_range
 .text.hw_claim_clear
                0x10000ed0       0x38 CMakeFiles/proyectofinal.dir/opt/pico-sdk/src/common/hardware_claim/claim.c.obj
                0x10000ed0                hw_claim_clear
 .text.next_striped_spin_lock_num
                0x10000f08       0x18 CMakeFiles/proyectofinal.dir/opt/pico-sdk/src/rp2_common/hardware_sync/sync.c.obj
                0x10000f08                next_striped_spin_lock_num
 .text.spin_lock_claim
                0x10000f20       0x18 CMakeFiles/proyectofinal.dir/opt/pico-sdk/src/rp2_common/hardware_sync/sync.c.obj
                0x10000f20                spin_lock_claim
 .text.spin_lock_claim_unused
                0x10000f38       0x24 CMakeFiles/proyectofinal.dir/opt/pico-sdk/src/rp2_common/hardware_sync/sync.c.obj
                0x10000f38                spin_lock_claim_unused
 .text.spin_locks_reset
                0x10000f5c       0x1c CMakeFiles/proyectofinal.dir/opt/pico-sdk/src/rp2_common/hardware_sync_spin_lock/sync_spin_lock.c.obj
                0x10000f5c                spin_locks_reset
 .text.runtime_init_per_core_irq_priorities
                0x10000f78       0x24 CMakeFiles/proyectofinal.dir/opt/pico-sdk/src/rp2_common/hardware_irq/irq.c.obj
                0x10000f78                runtime_init_per_core_irq_priorities
 .text.irq_set_enabled
                0x10000f9c       0x24 CMakeFiles/proyectofinal.dir/opt/pico-sdk/src/rp2_common/hardware_irq/irq.c.obj
                0x10000f9c                irq_set_enabled
 .text.irq_is_enabled
                0x10000fc0       0x18 CMakeFiles/proyectofinal.dir/opt/pico-sdk/src/rp2_common/hardware_irq/irq.c.obj
                0x10000fc0                irq_is_enabled
 .text.irq_set_pending
                0x10000fd8       0x10 CMakeFiles/proyectofinal.dir/opt/pico-sdk/src/rp2_common/hardware_irq/irq.c.obj
                0x10000fd8                irq_set_pending
 .text.irq_has_shared_handler
                0x10000fe8       0x2c CMakeFiles/proyectofinal.dir/opt/pico-sdk/src/rp2_common/hardware_irq/irq.c.obj
                0x10000fe8                irq_has_shared_handler
 .text.irq_set_exclusive_handler
                0x10001014       0x54 CMakeFiles/proyectofinal.dir/opt/pico-sdk/src/rp2_common/hardware_irq/irq.c.obj
                0x10001014                irq_set_exclusive_handler
 .text.irq_add_shared_handler
                0x10001068      0x1f4 CMakeFiles/proyectofinal.dir/opt/pico-sdk/src/rp2_common/hardware_irq/irq.c.obj
                0x10001068                irq_add_shared_handler
 .text.irq_remove_handler
                0x1000125c      0x1d4 CMakeFiles/proyectofinal.dir/opt/pico-sdk/src/rp2_common/hardware_irq/irq.c.obj
                0x1000125c                irq_remove_handler
 .text.irq_set_priority
                0x10001430       0x28 CMakeFiles/proyectofinal.dir/opt/pico-sdk/src/rp2_common/hardware_irq/irq.c.obj
                0x10001430                irq_set_priority
 .text.irq_add_tail_to_free_list
                0x10001458       0xb4 CMakeFiles/proyectofinal.dir/opt/pico-sdk/src/rp2_common/hardware_irq/irq.c.obj
                0x10001458                irq_add_tail_to_free_list
 .text.user_irq_unclaim
                0x1000150c       0x14 CMakeFiles/proyectofinal.dir/opt/pico-sdk/src/rp2_common/hardware_irq/irq.c.obj
                0x1000150c                user_irq_unclaim
 .text.user_irq_claim_unused
                0x10001520       0x2c CMakeFiles/proyectofinal.dir/opt/pico-sdk/src/rp2_common/hardware_irq/irq.c.obj
                0x10001520                user_irq_claim_unused
 .text.sem_init
                0x1000154c       0x20 CMakeFiles/proyectofinal.dir/opt/pico-sdk/src/common/pico_sync/sem.c.obj
                0x1000154c                sem_init
 .text.lock_init
                0x1000156c       0x10 CMakeFiles/proyectofinal.dir/opt/pico-sdk/src/common/pico_sync/lock_core.c.obj
                0x1000156c                lock_init
 .text.runtime_init_mutex
                0x1000157c       0x54 CMakeFiles/proyectofinal.dir/opt/pico-sdk/src/common/pico_sync/mutex.c.obj
                0x1000157c                runtime_init_mutex
 .text.mutex_init
                0x100015d0       0x1c CMakeFiles/proyectofinal.dir/opt/pico-sdk/src/common/pico_sync/mutex.c.obj
                0x100015d0                mutex_init
 .text.recursive_mutex_init
                0x100015ec       0x20 CMakeFiles/proyectofinal.dir/opt/pico-sdk/src/common/pico_sync/mutex.c.obj
                0x100015ec                recursive_mutex_init
 .text.critical_section_init
                0x1000160c       0x1c CMakeFiles/proyectofinal.dir/opt/pico-sdk/src/common/pico_sync/critical_section.c.obj
                0x1000160c                critical_section_init
 .text.critical_section_init_with_lock_num
                0x10001628       0x14 CMakeFiles/proyectofinal.dir/opt/pico-sdk/src/common/pico_sync/critical_section.c.obj
                0x10001628                critical_section_init_with_lock_num
 .text.alarm_pool_irq_handler
                0x1000163c      0x2e4 CMakeFiles/proyectofinal.dir/opt/pico-sdk/src/common/pico_time/time.c.obj
 .text.sleep_until_callback
                0x10001920       0x24 CMakeFiles/proyectofinal.dir/opt/pico-sdk/src/common/pico_time/time.c.obj
 .text.runtime_init_default_alarm_pool
                0x10001944       0xdc CMakeFiles/proyectofinal.dir/opt/pico-sdk/src/common/pico_time/time.c.obj
                0x10001944                runtime_init_default_alarm_pool
 .text.alarm_pool_get_default
                0x10001a20        0x8 CMakeFiles/proyectofinal.dir/opt/pico-sdk/src/common/pico_time/time.c.obj
                0x10001a20                alarm_pool_get_default
 .text.alarm_pool_create_on_timer_with_unused_hardware_alarm
                0x10001a28       0xa8 CMakeFiles/proyectofinal.dir/opt/pico-sdk/src/common/pico_time/time.c.obj
                0x10001a28                alarm_pool_create_on_timer_with_unused_hardware_alarm
 .text.alarm_pool_destroy
                0x10001ad0       0x58 CMakeFiles/proyectofinal.dir/opt/pico-sdk/src/common/pico_time/time.c.obj
                0x10001ad0                alarm_pool_destroy
 .text.alarm_pool_add_alarm_at
                0x10001b28       0xd4 CMakeFiles/proyectofinal.dir/opt/pico-sdk/src/common/pico_time/time.c.obj
                0x10001b28                alarm_pool_add_alarm_at
 .text.alarm_pool_add_alarm_at_force_in_context
                0x10001bfc       0xb0 CMakeFiles/proyectofinal.dir/opt/pico-sdk/src/common/pico_time/time.c.obj
                0x10001bfc                alarm_pool_add_alarm_at_force_in_context
 .text.alarm_pool_cancel_alarm
                0x10001cac       0x74 CMakeFiles/proyectofinal.dir/opt/pico-sdk/src/common/pico_time/time.c.obj
                0x10001cac                alarm_pool_cancel_alarm
 .text.alarm_pool_core_num
                0x10001d20        0x4 CMakeFiles/proyectofinal.dir/opt/pico-sdk/src/common/pico_time/time.c.obj
                0x10001d20                alarm_pool_core_num
 .text.sleep_until
                0x10001d24       0xcc CMakeFiles/proyectofinal.dir/opt/pico-sdk/src/common/pico_time/time.c.obj
                0x10001d24                sleep_until
 .text.sleep_ms
                0x10001df0       0x38 CMakeFiles/proyectofinal.dir/opt/pico-sdk/src/common/pico_time/time.c.obj
                0x10001df0                sleep_ms
 .text.best_effort_wfe_or_timeout
                0x10001e28      0x134 CMakeFiles/proyectofinal.dir/opt/pico-sdk/src/common/pico_time/time.c.obj
                0x10001e28                best_effort_wfe_or_timeout
 .text.alarm_pool_get_default_timer
                0x10001f5c        0x8 CMakeFiles/proyectofinal.dir/opt/pico-sdk/src/common/pico_time/time.c.obj
                0x10001f5c                alarm_pool_get_default_timer
 .text.timer_hardware_alarm_claim
                0x10001f64       0x14 CMakeFiles/proyectofinal.dir/opt/pico-sdk/src/rp2_common/hardware_timer/timer.c.obj
                0x10001f64                timer_hardware_alarm_claim
 .text.hardware_alarm_unclaim
                0x10001f78       0x14 CMakeFiles/proyectofinal.dir/opt/pico-sdk/src/rp2_common/hardware_timer/timer.c.obj
                0x10001f78                hardware_alarm_unclaim
 .text.timer_hardware_alarm_claim_unused
                0x10001f8c       0x20 CMakeFiles/proyectofinal.dir/opt/pico-sdk/src/rp2_common/hardware_timer/timer.c.obj
                0x10001f8c                timer_hardware_alarm_claim_unused
 .text.timer_time_us_64
                0x10001fac       0x10 CMakeFiles/proyectofinal.dir/opt/pico-sdk/src/rp2_common/hardware_timer/timer.c.obj
                0x10001fac                timer_time_us_64
 .text.time_us_64
                0x10001fbc       0x14 CMakeFiles/proyectofinal.dir/opt/pico-sdk/src/rp2_common/hardware_timer/timer.c.obj
                0x10001fbc                time_us_64
 .text.busy_wait_until
                0x10001fd0       0x20 CMakeFiles/proyectofinal.dir/opt/pico-sdk/src/rp2_common/hardware_timer/timer.c.obj
                0x10001fd0                busy_wait_until
 .text.clock_configure_int_divider
                0x10001ff0       0xf4 CMakeFiles/proyectofinal.dir/opt/pico-sdk/src/rp2_common/hardware_clocks/clocks.c.obj
                0x10001ff0                clock_configure_int_divider
 .text.clock_configure_undivided
                0x100020e4       0xe8 CMakeFiles/proyectofinal.dir/opt/pico-sdk/src/rp2_common/hardware_clocks/clocks.c.obj
                0x100020e4                clock_configure_undivided
 .text.clock_get_hz
                0x100021cc        0xc CMakeFiles/proyectofinal.dir/opt/pico-sdk/src/rp2_common/hardware_clocks/clocks.c.obj
                0x100021cc                clock_get_hz
 .text.pll_init
                0x100021d8       0xa4 CMakeFiles/proyectofinal.dir/opt/pico-sdk/src/rp2_common/hardware_pll/pll.c.obj
                0x100021d8                pll_init
 .text.watchdog_reboot
                0x1000227c       0x9c CMakeFiles/proyectofinal.dir/opt/pico-sdk/src/rp2_common/hardware_watchdog/watchdog.c.obj
                0x1000227c                watchdog_reboot
 .text.tick_start
                0x10002318       0x10 CMakeFiles/proyectofinal.dir/opt/pico-sdk/src/rp2_common/hardware_ticks/ticks.c.obj
                0x10002318                tick_start
 .text.xosc_init
                0x10002328       0x28 CMakeFiles/proyectofinal.dir/opt/pico-sdk/src/rp2_common/hardware_xosc/xosc.c.obj
                0x10002328                xosc_init
 .text.first_per_core_initializer
                0x10002350        0x4 CMakeFiles/proyectofinal.dir/opt/pico-sdk/src/rp2_common/pico_runtime/runtime.c.obj
 .text.hard_assertion_failure
                0x10002354        0xc CMakeFiles/proyectofinal.dir/opt/pico-sdk/src/rp2_common/pico_runtime/runtime.c.obj
                0x10002354                hard_assertion_failure
 .text.runtime_run_initializers
                0x10002360       0x28 CMakeFiles/proyectofinal.dir/opt/pico-sdk/src/rp2_common/pico_runtime/runtime.c.obj
                0x10002360                runtime_run_initializers
 .text.runtime_run_per_core_initializers
                0x10002388       0x28 CMakeFiles/proyectofinal.dir/opt/pico-sdk/src/rp2_common/pico_runtime/runtime.c.obj
                0x10002388                runtime_run_per_core_initializers
 .text.runtime_init_early_resets
                0x100023b0       0x2c CMakeFiles/proyectofinal.dir/opt/pico-sdk/src/rp2_common/pico_runtime_init/runtime_init.c.obj
                0x100023b0                runtime_init_early_resets
 .text.runtime_init_usb_power_down
                0x100023dc       0x1c CMakeFiles/proyectofinal.dir/opt/pico-sdk/src/rp2_common/pico_runtime_init/runtime_init.c.obj
                0x100023dc                runtime_init_usb_power_down
 .text.runtime_init_post_clock_resets
                0x100023f8       0x20 CMakeFiles/proyectofinal.dir/opt/pico-sdk/src/rp2_common/pico_runtime_init/runtime_init.c.obj
                0x100023f8                runtime_init_post_clock_resets
 .text.runtime_init_rp2040_gpio_ie_disable
                0x10002418       0x14 CMakeFiles/proyectofinal.dir/opt/pico-sdk/src/rp2_common/pico_runtime_init/runtime_init.c.obj
                0x10002418                runtime_init_rp2040_gpio_ie_disable
 .text.runtime_init_spin_locks_reset
                0x1000242c        0x8 CMakeFiles/proyectofinal.dir/opt/pico-sdk/src/rp2_common/pico_runtime_init/runtime_init.c.obj
                0x1000242c                runtime_init_spin_locks_reset
 .text.runtime_init_install_ram_vector_table
                0x10002434       0x1c CMakeFiles/proyectofinal.dir/opt/pico-sdk/src/rp2_common/pico_runtime_init/runtime_init.c.obj
                0x10002434                runtime_init_install_ram_vector_table
 .text.runtime_init_clocks
                0x10002450       0xd8 CMakeFiles/proyectofinal.dir/opt/pico-sdk/src/rp2_common/pico_runtime_init/runtime_init_clocks.c.obj
                0x10002450                runtime_init_clocks
 .text          0x10002528       0x10 CMakeFiles/proyectofinal.dir/opt/pico-sdk/src/rp2_common/pico_bit_ops/bit_ops_aeabi.S.obj
 .text.ctzsi    0x10002538        0xc CMakeFiles/proyectofinal.dir/opt/pico-sdk/src/rp2_common/pico_bit_ops/bit_ops_aeabi.S.obj
                0x10002538                __wrap___ctzsi2
 .text.rom_func_lookup
                0x10002544       0x10 CMakeFiles/proyectofinal.dir/opt/pico-sdk/src/rp2_common/pico_bootrom/bootrom.c.obj
                0x10002544                rom_func_lookup
 .text.rom_data_lookup
                0x10002554       0x10 CMakeFiles/proyectofinal.dir/opt/pico-sdk/src/rp2_common/pico_bootrom/bootrom.c.obj
                0x10002554                rom_data_lookup
 .text.rom_funcs_lookup
                0x10002564       0x44 CMakeFiles/proyectofinal.dir/opt/pico-sdk/src/rp2_common/pico_bootrom/bootrom.c.obj
                0x10002564                rom_funcs_lookup
 .text.rom_reset_usb_boot
                0x100025a8       0x20 CMakeFiles/proyectofinal.dir/opt/pico-sdk/src/rp2_common/pico_bootrom/bootrom.c.obj
                0x100025a8                rom_reset_usb_boot
 .text.__wrap___aeabi_idiv
                0x100025c8       0x50 CMakeFiles/proyectofinal.dir/opt/pico-sdk/src/rp2_common/pico_divider/divider_hardware.S.obj
                0x100025c8                __wrap___aeabi_idivmod
                0x100025c8                divmod_s32s32
                0x100025c8                div_s32s32
                0x100025c8                __wrap___aeabi_idiv
                0x100025d0                divmod_s32s32_unsafe
                0x100025fc                divmod_s32s32_savestate
 .text.__wrap___aeabi_uidiv
                0x10002618       0x4c CMakeFiles/proyectofinal.dir/opt/pico-sdk/src/rp2_common/pico_divider/divider_hardware.S.obj
                0x10002618                __wrap___aeabi_uidiv
                0x10002618                __wrap___aeabi_uidivmod
                0x10002618                div_u32u32
                0x10002618                divmod_u32u32
                0x10002620                divmod_u32u32_unsafe
                0x10002648                divmod_u32u32_savestate
 .text.__wrap___aeabi_ldiv
                0x10002664      0x424 CMakeFiles/proyectofinal.dir/opt/pico-sdk/src/rp2_common/pico_divider/divider_hardware.S.obj
                0x10002664                div_s64s64
                0x10002664                divmod_s64s64
                0x10002664                __wrap___aeabi_ldivmod
                0x10002694                div_u64u64
                0x10002694                divmod_u64u64
                0x10002694                __wrap___aeabi_uldivmod
                0x100026a4                divmod_u64u64_savestate
                0x100026c4                divmod_s64s64_unsafe
                0x1000274c                divmod_u64u64_unsafe
 .text.__wrap___aeabi_darithmetic
                0x10002a88       0x60 CMakeFiles/proyectofinal.dir/opt/pico-sdk/src/rp2_common/pico_double/double_aeabi_rp2040.S.obj
                0x10002a88                __wrap___aeabi_drsub
                0x10002a8e                __wrap___aeabi_dsub
                0x10002a98                __wrap___aeabi_dadd
                0x10002aa2                __wrap___aeabi_ddiv
                0x10002ad6                __wrap___aeabi_dmul
 .text.__wrap___aeabi_cdcmple
                0x10002ae8       0x6c CMakeFiles/proyectofinal.dir/opt/pico-sdk/src/rp2_common/pico_double/double_aeabi_rp2040.S.obj
                0x10002ae8                __wrap___aeabi_cdrcmple
                0x10002af8                __wrap___aeabi_cdcmple
                0x10002af8                __wrap___aeabi_cdcmpeq
 .text.__wrap___aeabi_dcmplt
                0x10002b54        0xc CMakeFiles/proyectofinal.dir/opt/pico-sdk/src/rp2_common/pico_double/double_aeabi_rp2040.S.obj
                0x10002b54                __wrap___aeabi_dcmplt
 .text.__wrap___aeabi_dcmpge
                0x10002b60       0x10 CMakeFiles/proyectofinal.dir/opt/pico-sdk/src/rp2_common/pico_double/double_aeabi_rp2040.S.obj
                0x10002b60                __wrap___aeabi_dcmpge
 .text.__wrap___aeabi_dcmpgt
                0x10002b70        0xa CMakeFiles/proyectofinal.dir/opt/pico-sdk/src/rp2_common/pico_double/double_aeabi_rp2040.S.obj
                0x10002b70                __wrap___aeabi_dcmpgt
 .text.__wrap___aeabi_dcmpun
                0x10002b7a       0x18 CMakeFiles/proyectofinal.dir/opt/pico-sdk/src/rp2_common/pico_double/double_aeabi_rp2040.S.obj
                0x10002b7a                __wrap___aeabi_dcmpun
 *fill*         0x10002b92        0x2 
 .text.__wrap___aeabi_i2d
                0x10002b94       0x38 CMakeFiles/proyectofinal.dir/opt/pico-sdk/src/rp2_common/pico_double/double_aeabi_rp2040.S.obj
                0x10002b94                __wrap___aeabi_ui2d
                0x10002b9c                __wrap___aeabi_i2d
 .text.__wrap___aeabi_d2iz
                0x10002bcc       0x48 CMakeFiles/proyectofinal.dir/opt/pico-sdk/src/rp2_common/pico_double/double_aeabi_rp2040.S.obj
                0x10002bcc                __wrap___aeabi_d2iz
                0x10002bcc                double2int_z
 .text.__wrap___aeabi_d2uiz
                0x10002c14       0x10 CMakeFiles/proyectofinal.dir/opt/pico-sdk/src/rp2_common/pico_double/double_aeabi_rp2040.S.obj
                0x10002c14                double2uint
                0x10002c14                __wrap___aeabi_d2uiz
 .text.missing_double_func_shim
                0x10002c24        0xc CMakeFiles/proyectofinal.dir/opt/pico-sdk/src/rp2_common/pico_double/double_init_rom_rp2040.c.obj
 .text.__aeabi_double_init
                0x10002c30       0xa0 CMakeFiles/proyectofinal.dir/opt/pico-sdk/src/rp2_common/pico_double/double_init_rom_rp2040.c.obj
                0x10002c30                __aeabi_double_init
 .text.double_table_shim_on_use_helper
                0x10002cd0       0x2c CMakeFiles/proyectofinal.dir/opt/pico-sdk/src/rp2_common/pico_double/double_v1_rom_shim_rp2040.S.obj
                0x10002cd0                double_table_shim_on_use_helper
 .text.__aeabi_lmul
                0x10002cfc       0x32 CMakeFiles/proyectofinal.dir/opt/pico-sdk/src/rp2_common/pico_int64_ops/pico_int64_ops_aeabi.S.obj
                0x10002cfc                __wrap___aeabi_lmul
 *fill*         0x10002d2e        0x2 
 .text.__wrap___aeabi_farithmetic
                0x10002d30       0x48 CMakeFiles/proyectofinal.dir/opt/pico-sdk/src/rp2_common/pico_float/float_aeabi_rp2040.S.obj
                0x10002d30                __wrap___aeabi_frsub
                0x10002d36                __wrap___aeabi_fsub
                0x10002d3c                __wrap___aeabi_fadd
                0x10002d42                __wrap___aeabi_fdiv
                0x10002d6a                __wrap___aeabi_fmul
 .text.__wrap___aeabi_i2f
                0x10002d78       0x44 CMakeFiles/proyectofinal.dir/opt/pico-sdk/src/rp2_common/pico_float/float_aeabi_rp2040.S.obj
                0x10002d78                int2float
                0x10002d78                __wrap___aeabi_i2f
 .text.__wrap___aeabi_f2d
                0x10002dbc        0xc CMakeFiles/proyectofinal.dir/opt/pico-sdk/src/rp2_common/pico_float/float_aeabi_rp2040.S.obj
                0x10002dbc                __wrap___aeabi_f2d
 .text.missing_float_func_shim
                0x10002dc8        0xc CMakeFiles/proyectofinal.dir/opt/pico-sdk/src/rp2_common/pico_float/float_init_rom_rp2040.c.obj
 .text.__aeabi_float_init
                0x10002dd4       0x5c CMakeFiles/proyectofinal.dir/opt/pico-sdk/src/rp2_common/pico_float/float_init_rom_rp2040.c.obj
                0x10002dd4                __aeabi_float_init
 .text.__wrap_malloc
                0x10002e30       0x3c CMakeFiles/proyectofinal.dir/opt/pico-sdk/src/rp2_common/pico_malloc/malloc.c.obj
                0x10002e30                __wrap_malloc
 .text.__wrap_calloc
                0x10002e6c       0x44 CMakeFiles/proyectofinal.dir/opt/pico-sdk/src/rp2_common/pico_malloc/malloc.c.obj
                0x10002e6c                __wrap_calloc
 .text.__wrap_free
                0x10002eb0       0x20 CMakeFiles/proyectofinal.dir/opt/pico-sdk/src/rp2_common/pico_malloc/malloc.c.obj
                0x10002eb0                __wrap_free
 .text          0x10002ed0       0x10 CMakeFiles/proyectofinal.dir/opt/pico-sdk/src/rp2_common/pico_mem_ops/mem_ops_aeabi.S.obj
                0x10002ed0                __aeabi_mem_init
 .text.memset   0x10002ee0        0xc CMakeFiles/proyectofinal.dir/opt/pico-sdk/src/rp2_common/pico_mem_ops/mem_ops_aeabi.S.obj
                0x10002ee0                __wrap_memset
 .text.memcpy   0x10002eec        0xc CMakeFiles/proyectofinal.dir/opt/pico-sdk/src/rp2_common/pico_mem_ops/mem_ops_aeabi.S.obj
                0x10002eec                __wrap___aeabi_memcpy
                0x10002eec                __wrap_memcpy
 .text._out_buffer
                0x10002ef8        0x8 CMakeFiles/proyectofinal.dir/opt/pico-sdk/src/rp2_common/pico_printf/printf.c.obj
 .text._out_null
                0x10002f00        0x4 CMakeFiles/proyectofinal.dir/opt/pico-sdk/src/rp2_common/pico_printf/printf.c.obj
 .text._out_rev
                0x10002f04       0xac CMakeFiles/proyectofinal.dir/opt/pico-sdk/src/rp2_common/pico_printf/printf.c.obj
 .text._ntoa_format
                0x10002fb0      0x250 CMakeFiles/proyectofinal.dir/opt/pico-sdk/src/rp2_common/pico_printf/printf.c.obj
 .text._out_char
                0x10003200       0x10 CMakeFiles/proyectofinal.dir/opt/pico-sdk/src/rp2_common/pico_printf/printf.c.obj
 .text._out_fct
                0x10003210       0x10 CMakeFiles/proyectofinal.dir/opt/pico-sdk/src/rp2_common/pico_printf/printf.c.obj
 .text._etoa    0x10003220      0x464 CMakeFiles/proyectofinal.dir/opt/pico-sdk/src/rp2_common/pico_printf/printf.c.obj
 .text._ftoa    0x10003684      0x3c0 CMakeFiles/proyectofinal.dir/opt/pico-sdk/src/rp2_common/pico_printf/printf.c.obj
 .text._vsnprintf
                0x10003a44      0xbc8 CMakeFiles/proyectofinal.dir/opt/pico-sdk/src/rp2_common/pico_printf/printf.c.obj
 .text.__wrap_sprintf
                0x1000460c       0x2c CMakeFiles/proyectofinal.dir/opt/pico-sdk/src/rp2_common/pico_printf/printf.c.obj
                0x1000460c                __wrap_sprintf
 .text.vfctprintf
                0x10004638       0x20 CMakeFiles/proyectofinal.dir/opt/pico-sdk/src/rp2_common/pico_printf/printf.c.obj
                0x10004638                vfctprintf
 .text.weak_raw_vprintf
                0x10004658       0x30 CMakeFiles/proyectofinal.dir/opt/pico-sdk/src/rp2_common/pico_printf/printf.c.obj
                0x10004658                weak_raw_vprintf
 .text._exit    0x10004688        0x4 CMakeFiles/proyectofinal.dir/opt/pico-sdk/src/rp2_common/pico_clib_interface/newlib_interface.c.obj
                0x10004688                _exit
 .text._sbrk    0x1000468c       0x34 CMakeFiles/proyectofinal.dir/opt/pico-sdk/src/rp2_common/pico_clib_interface/newlib_interface.c.obj
                0x1000468c                _sbrk
 .text.exit     0x100046c0        0x8 CMakeFiles/proyectofinal.dir/opt/pico-sdk/src/rp2_common/pico_clib_interface/newlib_interface.c.obj
                0x100046c0                exit
 .text.runtime_init
                0x100046c8       0x2c CMakeFiles/proyectofinal.dir/opt/pico-sdk/src/rp2_common/pico_clib_interface/newlib_interface.c.obj
                0x100046c8                runtime_init
 .text.stdio_out_chars_no_crlf
                0x100046f4       0x10 CMakeFiles/proyectofinal.dir/opt/pico-sdk/src/rp2_common/pico_stdio/stdio.c.obj
 .text.stdio_out_chars_crlf
                0x10004704       0x94 CMakeFiles/proyectofinal.dir/opt/pico-sdk/src/rp2_common/pico_stdio/stdio.c.obj
 .text.stdio_buffered_printer
                0x10004798       0x64 CMakeFiles/proyectofinal.dir/opt/pico-sdk/src/rp2_common/pico_stdio/stdio.c.obj
 .text.stdio_put_string
                0x100047fc      0x100 CMakeFiles/proyectofinal.dir/opt/pico-sdk/src/rp2_common/pico_stdio/stdio.c.obj
                0x100047fc                stdio_put_string
 .text.stdio_set_driver_enabled
                0x100048fc       0x30 CMakeFiles/proyectofinal.dir/opt/pico-sdk/src/rp2_common/pico_stdio/stdio.c.obj
                0x100048fc                stdio_set_driver_enabled
 .text.stdio_init_all
                0x1000492c        0x8 CMakeFiles/proyectofinal.dir/opt/pico-sdk/src/rp2_common/pico_stdio/stdio.c.obj
                0x1000492c                stdio_init_all
 .text.__wrap_putchar
                0x10004934       0x98 CMakeFiles/proyectofinal.dir/opt/pico-sdk/src/rp2_common/pico_stdio/stdio.c.obj
                0x10004934                stdio_putchar
                0x10004934                __wrap_putchar
 .text.__wrap_puts
                0x100049cc       0x3c CMakeFiles/proyectofinal.dir/opt/pico-sdk/src/rp2_common/pico_stdio/stdio.c.obj
                0x100049cc                __wrap_puts
                0x100049cc                stdio_puts
 .text.__wrap_vprintf
                0x10004a08       0xd4 CMakeFiles/proyectofinal.dir/opt/pico-sdk/src/rp2_common/pico_stdio/stdio.c.obj
                0x10004a08                __wrap_vprintf
                0x10004a08                stdio_vprintf
 .text.__wrap_printf
                0x10004adc       0x18 CMakeFiles/proyectofinal.dir/opt/pico-sdk/src/rp2_common/pico_stdio/stdio.c.obj
                0x10004adc                stdio_printf
                0x10004adc                __wrap_printf
 .text.resetd_init
                0x10004af4        0x4 CMakeFiles/proyectofinal.dir/opt/pico-sdk/src/rp2_common/pico_stdio_usb/reset_interface.c.obj
 .text.resetd_reset
                0x10004af8        0xc CMakeFiles/proyectofinal.dir/opt/pico-sdk/src/rp2_common/pico_stdio_usb/reset_interface.c.obj
 .text.resetd_open
                0x10004b04       0x28 CMakeFiles/proyectofinal.dir/opt/pico-sdk/src/rp2_common/pico_stdio_usb/reset_interface.c.obj
 .text.resetd_xfer_cb
                0x10004b2c        0x4 CMakeFiles/proyectofinal.dir/opt/pico-sdk/src/rp2_common/pico_stdio_usb/reset_interface.c.obj
 .text.resetd_control_xfer_cb
                0x10004b30       0x54 CMakeFiles/proyectofinal.dir/opt/pico-sdk/src/rp2_common/pico_stdio_usb/reset_interface.c.obj
 .text.tud_descriptor_bos_cb
                0x10004b84        0x8 CMakeFiles/proyectofinal.dir/opt/pico-sdk/src/rp2_common/pico_stdio_usb/reset_interface.c.obj
                0x10004b84                tud_descriptor_bos_cb
 .text.tud_vendor_control_xfer_cb
                0x10004b8c       0x34 CMakeFiles/proyectofinal.dir/opt/pico-sdk/src/rp2_common/pico_stdio_usb/reset_interface.c.obj
                0x10004b8c                tud_vendor_control_xfer_cb
 .text.usbd_app_driver_get_cb
                0x10004bc0        0xc CMakeFiles/proyectofinal.dir/opt/pico-sdk/src/rp2_common/pico_stdio_usb/reset_interface.c.obj
                0x10004bc0                usbd_app_driver_get_cb
 .text.tud_cdc_line_coding_cb
                0x10004bcc       0x28 CMakeFiles/proyectofinal.dir/opt/pico-sdk/src/rp2_common/pico_stdio_usb/reset_interface.c.obj
                0x10004bcc                tud_cdc_line_coding_cb
 .text.stdio_usb_set_chars_available_callback
                0x10004bf4       0x14 CMakeFiles/proyectofinal.dir/opt/pico-sdk/src/rp2_common/pico_stdio_usb/stdio_usb.c.obj
                0x10004bf4                stdio_usb_set_chars_available_callback
 .text.usb_irq  0x10004c08       0x10 CMakeFiles/proyectofinal.dir/opt/pico-sdk/src/rp2_common/pico_stdio_usb/stdio_usb.c.obj
 .text.timer_task
                0x10004c18       0x64 CMakeFiles/proyectofinal.dir/opt/pico-sdk/src/rp2_common/pico_stdio_usb/stdio_usb.c.obj
 .text.stdio_usb_in_chars
                0x10004c7c       0x90 CMakeFiles/proyectofinal.dir/opt/pico-sdk/src/rp2_common/pico_stdio_usb/stdio_usb.c.obj
                0x10004c7c                stdio_usb_in_chars
 .text.stdio_usb_out_flush
                0x10004d0c       0x50 CMakeFiles/proyectofinal.dir/opt/pico-sdk/src/rp2_common/pico_stdio_usb/stdio_usb.c.obj
 .text.stdio_usb_out_chars
                0x10004d5c      0x104 CMakeFiles/proyectofinal.dir/opt/pico-sdk/src/rp2_common/pico_stdio_usb/stdio_usb.c.obj
 .text.low_priority_worker_irq
                0x10004e60       0xcc CMakeFiles/proyectofinal.dir/opt/pico-sdk/src/rp2_common/pico_stdio_usb/stdio_usb.c.obj
 .text.stdio_usb_init
                0x10004f2c       0xe8 CMakeFiles/proyectofinal.dir/opt/pico-sdk/src/rp2_common/pico_stdio_usb/stdio_usb.c.obj
                0x10004f2c                stdio_usb_init
 .text.tud_descriptor_device_cb
                0x10005014        0x8 CMakeFiles/proyectofinal.dir/opt/pico-sdk/src/rp2_common/pico_stdio_usb/stdio_usb_descriptors.c.obj
                0x10005014                tud_descriptor_device_cb
 .text.tud_descriptor_configuration_cb
                0x1000501c        0x8 CMakeFiles/proyectofinal.dir/opt/pico-sdk/src/rp2_common/pico_stdio_usb/stdio_usb_descriptors.c.obj
                0x1000501c                tud_descriptor_configuration_cb
 .text.tud_descriptor_string_cb
                0x10005024       0x78 CMakeFiles/proyectofinal.dir/opt/pico-sdk/src/rp2_common/pico_stdio_usb/stdio_usb_descriptors.c.obj
                0x10005024                tud_descriptor_string_cb
 .text.startup._retrieve_unique_id_on_boot
                0x1000509c       0x10 CMakeFiles/proyectofinal.dir/opt/pico-sdk/src/rp2_common/pico_unique_id/unique_id.c.obj
 .text.pico_get_unique_board_id
                0x100050ac       0x10 CMakeFiles/proyectofinal.dir/opt/pico-sdk/src/rp2_common/pico_unique_id/unique_id.c.obj
                0x100050ac                pico_get_unique_board_id
 .text.pico_get_unique_board_id_string
                0x100050bc      0x1a8 CMakeFiles/proyectofinal.dir/opt/pico-sdk/src/rp2_common/pico_unique_id/unique_id.c.obj
                0x100050bc                pico_get_unique_board_id_string
 .text.flash_get_unique_id
                0x10005264       0x3c CMakeFiles/proyectofinal.dir/opt/pico-sdk/src/rp2_common/hardware_flash/flash.c.obj
                0x10005264                flash_get_unique_id
 .text.dcd_init
                0x100052a0       0x8c CMakeFiles/proyectofinal.dir/opt/pico-sdk/lib/tinyusb/src/portable/raspberrypi/rp2040/dcd_rp2040.c.obj
                0x100052a0                dcd_init
 .text.dcd_int_enable
                0x1000532c        0xc CMakeFiles/proyectofinal.dir/opt/pico-sdk/lib/tinyusb/src/portable/raspberrypi/rp2040/dcd_rp2040.c.obj
                0x1000532c                dcd_int_enable
 .text.dcd_set_address
                0x10005338       0x14 CMakeFiles/proyectofinal.dir/opt/pico-sdk/lib/tinyusb/src/portable/raspberrypi/rp2040/dcd_rp2040.c.obj
                0x10005338                dcd_set_address
 .text.dcd_sof_enable
                0x1000534c       0x1c CMakeFiles/proyectofinal.dir/opt/pico-sdk/lib/tinyusb/src/portable/raspberrypi/rp2040/dcd_rp2040.c.obj
                0x1000534c                dcd_sof_enable
 .text.dcd_edpt0_status_complete
                0x10005368       0x1c CMakeFiles/proyectofinal.dir/opt/pico-sdk/lib/tinyusb/src/portable/raspberrypi/rp2040/dcd_rp2040.c.obj
                0x10005368                dcd_edpt0_status_complete
 .text.dcd_edpt_open
                0x10005384      0x108 CMakeFiles/proyectofinal.dir/opt/pico-sdk/lib/tinyusb/src/portable/raspberrypi/rp2040/dcd_rp2040.c.obj
                0x10005384                dcd_edpt_open
 .text.dcd_edpt_close_all
                0x1000548c        0x8 CMakeFiles/proyectofinal.dir/opt/pico-sdk/lib/tinyusb/src/portable/raspberrypi/rp2040/dcd_rp2040.c.obj
                0x1000548c                dcd_edpt_close_all
 .text.dcd_edpt_xfer
                0x10005494       0x24 CMakeFiles/proyectofinal.dir/opt/pico-sdk/lib/tinyusb/src/portable/raspberrypi/rp2040/dcd_rp2040.c.obj
                0x10005494                dcd_edpt_xfer
 .text.dcd_edpt_stall
                0x100054b8       0x34 CMakeFiles/proyectofinal.dir/opt/pico-sdk/lib/tinyusb/src/portable/raspberrypi/rp2040/dcd_rp2040.c.obj
                0x100054b8                dcd_edpt_stall
 .text.dcd_edpt_clear_stall
                0x100054ec       0x30 CMakeFiles/proyectofinal.dir/opt/pico-sdk/lib/tinyusb/src/portable/raspberrypi/rp2040/dcd_rp2040.c.obj
                0x100054ec                dcd_edpt_clear_stall
 .text.rp2040_usb_init
                0x1000551c       0x40 CMakeFiles/proyectofinal.dir/opt/pico-sdk/lib/tinyusb/src/portable/raspberrypi/rp2040/rp2040_usb.c.obj
                0x1000551c                rp2040_usb_init
 .text.hw_endpoint_xfer_start
                0x1000555c       0x40 CMakeFiles/proyectofinal.dir/opt/pico-sdk/lib/tinyusb/src/portable/raspberrypi/rp2040/rp2040_usb.c.obj
                0x1000555c                hw_endpoint_xfer_start
 .text.tud_event_hook_cb
                0x1000559c        0x4 CMakeFiles/proyectofinal.dir/opt/pico-sdk/lib/tinyusb/src/device/usbd.c.obj
                0x1000559c                tud_event_hook_cb
 .text.tud_sof_cb
                0x100055a0        0x4 CMakeFiles/proyectofinal.dir/opt/pico-sdk/lib/tinyusb/src/device/usbd.c.obj
                0x100055a0                tud_sof_cb
 .text.tud_descriptor_device_qualifier_cb
                0x100055a4        0x4 CMakeFiles/proyectofinal.dir/opt/pico-sdk/lib/tinyusb/src/device/usbd.c.obj
                0x100055a4                tud_descriptor_device_qualifier_cb
 .text.tud_descriptor_other_speed_configuration_cb
                0x100055a8        0x4 CMakeFiles/proyectofinal.dir/opt/pico-sdk/lib/tinyusb/src/device/usbd.c.obj
                0x100055a8                tud_descriptor_other_speed_configuration_cb
 .text.tud_mount_cb
                0x100055ac        0x4 CMakeFiles/proyectofinal.dir/opt/pico-sdk/lib/tinyusb/src/device/usbd.c.obj
                0x100055ac                tud_mount_cb
 .text.tud_umount_cb
                0x100055b0        0x4 CMakeFiles/proyectofinal.dir/opt/pico-sdk/lib/tinyusb/src/device/usbd.c.obj
                0x100055b0                tud_umount_cb
 .text.tud_suspend_cb
                0x100055b4        0x4 CMakeFiles/proyectofinal.dir/opt/pico-sdk/lib/tinyusb/src/device/usbd.c.obj
                0x100055b4                tud_suspend_cb
 .text.tud_resume_cb
                0x100055b8        0x4 CMakeFiles/proyectofinal.dir/opt/pico-sdk/lib/tinyusb/src/device/usbd.c.obj
                0x100055b8                tud_resume_cb
 .text.tud_mounted
                0x100055bc       0x10 CMakeFiles/proyectofinal.dir/opt/pico-sdk/lib/tinyusb/src/device/usbd.c.obj
                0x100055bc                tud_mounted
 .text.tud_suspended
                0x100055cc       0x10 CMakeFiles/proyectofinal.dir/opt/pico-sdk/lib/tinyusb/src/device/usbd.c.obj
                0x100055cc                tud_suspended
 .text.tud_init
                0x100055dc       0xe4 CMakeFiles/proyectofinal.dir/opt/pico-sdk/lib/tinyusb/src/device/usbd.c.obj
                0x100055dc                tud_init
 .text.tud_task_ext
                0x100056c0      0x800 CMakeFiles/proyectofinal.dir/opt/pico-sdk/lib/tinyusb/src/device/usbd.c.obj
                0x100056c0                tud_task_ext
 .text.usbd_open_edpt_pair
                0x10005ec0       0x9c CMakeFiles/proyectofinal.dir/opt/pico-sdk/lib/tinyusb/src/device/usbd.c.obj
                0x10005ec0                usbd_open_edpt_pair
 .text.usbd_edpt_open
                0x10005f5c       0x34 CMakeFiles/proyectofinal.dir/opt/pico-sdk/lib/tinyusb/src/device/usbd.c.obj
                0x10005f5c                usbd_edpt_open
 .text.usbd_edpt_claim
                0x10005f90       0x28 CMakeFiles/proyectofinal.dir/opt/pico-sdk/lib/tinyusb/src/device/usbd.c.obj
                0x10005f90                usbd_edpt_claim
 .text.usbd_edpt_release
                0x10005fb8       0x28 CMakeFiles/proyectofinal.dir/opt/pico-sdk/lib/tinyusb/src/device/usbd.c.obj
                0x10005fb8                usbd_edpt_release
 .text.usbd_edpt_xfer
                0x10005fe0       0x4c CMakeFiles/proyectofinal.dir/opt/pico-sdk/lib/tinyusb/src/device/usbd.c.obj
                0x10005fe0                usbd_edpt_xfer
 .text.tud_control_status
                0x1000602c       0x2c CMakeFiles/proyectofinal.dir/opt/pico-sdk/lib/tinyusb/src/device/usbd_control.c.obj
                0x1000602c                tud_control_status
 .text.tud_control_xfer
                0x10006058       0xac CMakeFiles/proyectofinal.dir/opt/pico-sdk/lib/tinyusb/src/device/usbd_control.c.obj
                0x10006058                tud_control_xfer
 .text.usbd_control_reset
                0x10006104       0x14 CMakeFiles/proyectofinal.dir/opt/pico-sdk/lib/tinyusb/src/device/usbd_control.c.obj
                0x10006104                usbd_control_reset
 .text.usbd_control_set_complete_callback
                0x10006118        0xc CMakeFiles/proyectofinal.dir/opt/pico-sdk/lib/tinyusb/src/device/usbd_control.c.obj
                0x10006118                usbd_control_set_complete_callback
 .text.usbd_control_set_request
                0x10006124       0x1c CMakeFiles/proyectofinal.dir/opt/pico-sdk/lib/tinyusb/src/device/usbd_control.c.obj
                0x10006124                usbd_control_set_request
 .text.usbd_control_xfer_cb
                0x10006140       0xec CMakeFiles/proyectofinal.dir/opt/pico-sdk/lib/tinyusb/src/device/usbd_control.c.obj
                0x10006140                usbd_control_xfer_cb
 .text._prep_out_transaction.isra.0
                0x1000622c       0x5c CMakeFiles/proyectofinal.dir/opt/pico-sdk/lib/tinyusb/src/class/cdc/cdc_device.c.obj
 .text.tud_cdc_n_connected
                0x10006288       0x30 CMakeFiles/proyectofinal.dir/opt/pico-sdk/lib/tinyusb/src/class/cdc/cdc_device.c.obj
                0x10006288                tud_cdc_n_connected
 .text.tud_cdc_n_available
                0x100062b8       0x18 CMakeFiles/proyectofinal.dir/opt/pico-sdk/lib/tinyusb/src/class/cdc/cdc_device.c.obj
                0x100062b8                tud_cdc_n_available
 .text.tud_cdc_n_read
                0x100062d0       0x98 CMakeFiles/proyectofinal.dir/opt/pico-sdk/lib/tinyusb/src/class/cdc/cdc_device.c.obj
                0x100062d0                tud_cdc_n_read
 .text.tud_cdc_n_write_flush
                0x10006368       0x78 CMakeFiles/proyectofinal.dir/opt/pico-sdk/lib/tinyusb/src/class/cdc/cdc_device.c.obj
                0x10006368                tud_cdc_n_write_flush
 .text.tud_cdc_n_write
                0x100063e0       0x40 CMakeFiles/proyectofinal.dir/opt/pico-sdk/lib/tinyusb/src/class/cdc/cdc_device.c.obj
                0x100063e0                tud_cdc_n_write
 .text.tud_cdc_n_write_available
                0x10006420       0x18 CMakeFiles/proyectofinal.dir/opt/pico-sdk/lib/tinyusb/src/class/cdc/cdc_device.c.obj
                0x10006420                tud_cdc_n_write_available
 .text.cdcd_init
                0x10006438       0x7c CMakeFiles/proyectofinal.dir/opt/pico-sdk/lib/tinyusb/src/class/cdc/cdc_device.c.obj
                0x10006438                cdcd_init
 .text.cdcd_deinit
                0x100064b4       0x34 CMakeFiles/proyectofinal.dir/opt/pico-sdk/lib/tinyusb/src/class/cdc/cdc_device.c.obj
                0x100064b4                cdcd_deinit
 .text.cdcd_reset
                0x100064e8       0x4c CMakeFiles/proyectofinal.dir/opt/pico-sdk/lib/tinyusb/src/class/cdc/cdc_device.c.obj
                0x100064e8                cdcd_reset
 .text.cdcd_open
                0x10006534       0xb0 CMakeFiles/proyectofinal.dir/opt/pico-sdk/lib/tinyusb/src/class/cdc/cdc_device.c.obj
                0x10006534                cdcd_open
 .text.cdcd_control_xfer_cb
                0x100065e4       0xe4 CMakeFiles/proyectofinal.dir/opt/pico-sdk/lib/tinyusb/src/class/cdc/cdc_device.c.obj
                0x100065e4                cdcd_control_xfer_cb
 .text.cdcd_xfer_cb
                0x100066c8      0x100 CMakeFiles/proyectofinal.dir/opt/pico-sdk/lib/tinyusb/src/class/cdc/cdc_device.c.obj
                0x100066c8                cdcd_xfer_cb
 .text.tud_vendor_n_write_flush
                0x100067c8       0x78 CMakeFiles/proyectofinal.dir/opt/pico-sdk/lib/tinyusb/src/class/vendor/vendor_device.c.obj
                0x100067c8                tud_vendor_n_write_flush
 .text.vendord_init
                0x10006840       0x64 CMakeFiles/proyectofinal.dir/opt/pico-sdk/lib/tinyusb/src/class/vendor/vendor_device.c.obj
                0x10006840                vendord_init
 .text.vendord_deinit
                0x100068a4       0x34 CMakeFiles/proyectofinal.dir/opt/pico-sdk/lib/tinyusb/src/class/vendor/vendor_device.c.obj
                0x100068a4                vendord_deinit
 .text.vendord_reset
                0x100068d8       0x1c CMakeFiles/proyectofinal.dir/opt/pico-sdk/lib/tinyusb/src/class/vendor/vendor_device.c.obj
                0x100068d8                vendord_reset
 .text.vendord_open
                0x100068f4       0xd8 CMakeFiles/proyectofinal.dir/opt/pico-sdk/lib/tinyusb/src/class/vendor/vendor_device.c.obj
                0x100068f4                vendord_open
 .text.vendord_xfer_cb
                0x100069cc       0xc8 CMakeFiles/proyectofinal.dir/opt/pico-sdk/lib/tinyusb/src/class/vendor/vendor_device.c.obj
                0x100069cc                vendord_xfer_cb
 .text.tusb_init
                0x10006a94        0xc CMakeFiles/proyectofinal.dir/opt/pico-sdk/lib/tinyusb/src/tusb.c.obj
                0x10006a94                tusb_init
 .text.tu_edpt_claim
                0x10006aa0       0x50 CMakeFiles/proyectofinal.dir/opt/pico-sdk/lib/tinyusb/src/tusb.c.obj
                0x10006aa0                tu_edpt_claim
 .text.tu_edpt_release
                0x10006af0       0x38 CMakeFiles/proyectofinal.dir/opt/pico-sdk/lib/tinyusb/src/tusb.c.obj
                0x10006af0                tu_edpt_release
 .text.tu_edpt_validate
                0x10006b28       0x7c CMakeFiles/proyectofinal.dir/opt/pico-sdk/lib/tinyusb/src/tusb.c.obj
                0x10006b28                tu_edpt_validate
 .text.tu_edpt_bind_driver
                0x10006ba4       0x34 CMakeFiles/proyectofinal.dir/opt/pico-sdk/lib/tinyusb/src/tusb.c.obj
                0x10006ba4                tu_edpt_bind_driver
 .text.tu_fifo_config
                0x10006bd8       0x6c CMakeFiles/proyectofinal.dir/opt/pico-sdk/lib/tinyusb/src/common/tusb_fifo.c.obj
                0x10006bd8                tu_fifo_config
 .text.tu_fifo_count
                0x10006c44       0x2c CMakeFiles/proyectofinal.dir/opt/pico-sdk/lib/tinyusb/src/common/tusb_fifo.c.obj
                0x10006c44                tu_fifo_count
 .text.tu_fifo_empty
                0x10006c70       0x10 CMakeFiles/proyectofinal.dir/opt/pico-sdk/lib/tinyusb/src/common/tusb_fifo.c.obj
                0x10006c70                tu_fifo_empty
 .text.tu_fifo_remaining
                0x10006c80       0x2c CMakeFiles/proyectofinal.dir/opt/pico-sdk/lib/tinyusb/src/common/tusb_fifo.c.obj
                0x10006c80                tu_fifo_remaining
 .text.tu_fifo_read
                0x10006cac       0x9c CMakeFiles/proyectofinal.dir/opt/pico-sdk/lib/tinyusb/src/common/tusb_fifo.c.obj
                0x10006cac                tu_fifo_read
 .text.tu_fifo_read_n
                0x10006d48       0xe8 CMakeFiles/proyectofinal.dir/opt/pico-sdk/lib/tinyusb/src/common/tusb_fifo.c.obj
                0x10006d48                tu_fifo_read_n
 .text.tu_fifo_write
                0x10006e30       0xa8 CMakeFiles/proyectofinal.dir/opt/pico-sdk/lib/tinyusb/src/common/tusb_fifo.c.obj
                0x10006e30                tu_fifo_write
 .text.tu_fifo_write_n
                0x10006ed8      0x178 CMakeFiles/proyectofinal.dir/opt/pico-sdk/lib/tinyusb/src/common/tusb_fifo.c.obj
                0x10006ed8                tu_fifo_write_n
 .text.tu_fifo_clear
                0x10007050       0x40 CMakeFiles/proyectofinal.dir/opt/pico-sdk/lib/tinyusb/src/common/tusb_fifo.c.obj
                0x10007050                tu_fifo_clear
 .text.tu_fifo_set_overwritable
                0x10007090       0x48 CMakeFiles/proyectofinal.dir/opt/pico-sdk/lib/tinyusb/src/common/tusb_fifo.c.obj
                0x10007090                tu_fifo_set_overwritable
 .text.pvPortMalloc
                0x100070d8      0x124 CMakeFiles/proyectofinal.dir/opt/FreeRTOS-Kernel/portable/MemMang/heap_4.c.obj
                0x100070d8                pvPortMalloc
 .text.vPortFree
                0x100071fc       0x98 CMakeFiles/proyectofinal.dir/opt/FreeRTOS-Kernel/portable/MemMang/heap_4.c.obj
                0x100071fc                vPortFree
 *fill*         0x10007294        0xc 
 .text.vPortStartFirstTask
                0x100072a0       0x38 CMakeFiles/proyectofinal.dir/opt/FreeRTOS-Kernel/portable/ThirdParty/GCC/RP2040/port.c.obj
 .text.prvFIFOInterruptHandler
                0x100072d8       0x2c CMakeFiles/proyectofinal.dir/opt/FreeRTOS-Kernel/portable/ThirdParty/GCC/RP2040/port.c.obj
 *fill*         0x10007304        0xc 
 .text.xPortPendSVHandler
                0x10007310       0x78 CMakeFiles/proyectofinal.dir/opt/FreeRTOS-Kernel/portable/ThirdParty/GCC/RP2040/port.c.obj
                0x10007310                xPortPendSVHandler
 .text.prvTaskExitError
                0x10007388        0x8 CMakeFiles/proyectofinal.dir/opt/FreeRTOS-Kernel/portable/ThirdParty/GCC/RP2040/port.c.obj
 .text.xPortSysTickHandler
                0x10007390       0x24 CMakeFiles/proyectofinal.dir/opt/FreeRTOS-Kernel/portable/ThirdParty/GCC/RP2040/port.c.obj
                0x10007390                xPortSysTickHandler
 .text.vPortSVCHandler
                0x100073b4        0x4 CMakeFiles/proyectofinal.dir/opt/FreeRTOS-Kernel/portable/ThirdParty/GCC/RP2040/port.c.obj
                0x100073b4                vPortSVCHandler
 .text.pxPortInitialiseStack
                0x100073b8       0x20 CMakeFiles/proyectofinal.dir/opt/FreeRTOS-Kernel/portable/ThirdParty/GCC/RP2040/port.c.obj
                0x100073b8                pxPortInitialiseStack
 .text.vPortYield
                0x100073d8       0x18 CMakeFiles/proyectofinal.dir/opt/FreeRTOS-Kernel/portable/ThirdParty/GCC/RP2040/port.c.obj
                0x100073d8                vPortYield
 .text.ulSetInterruptMaskFromISR
                0x100073f0        0x8 CMakeFiles/proyectofinal.dir/opt/FreeRTOS-Kernel/portable/ThirdParty/GCC/RP2040/port.c.obj
                0x100073f0                ulSetInterruptMaskFromISR
 .text.vClearInterruptMaskFromISR
                0x100073f8        0x8 CMakeFiles/proyectofinal.dir/opt/FreeRTOS-Kernel/portable/ThirdParty/GCC/RP2040/port.c.obj
                0x100073f8                vClearInterruptMaskFromISR
 .text.vYieldCore
                0x10007400        0xc CMakeFiles/proyectofinal.dir/opt/FreeRTOS-Kernel/portable/ThirdParty/GCC/RP2040/port.c.obj
                0x10007400                vYieldCore
 .text.vPortSetupTimerInterrupt
                0x1000740c       0x34 CMakeFiles/proyectofinal.dir/opt/FreeRTOS-Kernel/portable/ThirdParty/GCC/RP2040/port.c.obj
                0x1000740c                vPortSetupTimerInterrupt
 .text.xPortStartSchedulerOnCore.isra.0
                0x10007440       0xa4 CMakeFiles/proyectofinal.dir/opt/FreeRTOS-Kernel/portable/ThirdParty/GCC/RP2040/port.c.obj
 .text.prvDisableInterruptsAndPortStartSchedulerOnCore
                0x100074e4        0x8 CMakeFiles/proyectofinal.dir/opt/FreeRTOS-Kernel/portable/ThirdParty/GCC/RP2040/port.c.obj
 .text.xPortStartScheduler
                0x100074ec       0x2c CMakeFiles/proyectofinal.dir/opt/FreeRTOS-Kernel/portable/ThirdParty/GCC/RP2040/port.c.obj
                0x100074ec                xPortStartScheduler
 .text.ulPortLockGetCurrentOwnerId
                0x10007518       0x30 CMakeFiles/proyectofinal.dir/opt/FreeRTOS-Kernel/portable/ThirdParty/GCC/RP2040/port.c.obj
                0x10007518                ulPortLockGetCurrentOwnerId
 .text.vPortLockInternalSpinUnlockWithWait
                0x10007548       0x64 CMakeFiles/proyectofinal.dir/opt/FreeRTOS-Kernel/portable/ThirdParty/GCC/RP2040/port.c.obj
                0x10007548                vPortLockInternalSpinUnlockWithWait
 .text.vPortLockInternalSpinUnlockWithNotify
                0x100075ac       0x88 CMakeFiles/proyectofinal.dir/opt/FreeRTOS-Kernel/portable/ThirdParty/GCC/RP2040/port.c.obj
                0x100075ac                vPortLockInternalSpinUnlockWithNotify
 .text.xPortLockInternalSpinUnlockWithBestEffortWaitOrTimeout
                0x10007634       0xe4 CMakeFiles/proyectofinal.dir/opt/FreeRTOS-Kernel/portable/ThirdParty/GCC/RP2040/port.c.obj
                0x10007634                xPortLockInternalSpinUnlockWithBestEffortWaitOrTimeout
 .text.startup.prvRuntimeInitializer
                0x10007718       0x10 CMakeFiles/proyectofinal.dir/opt/FreeRTOS-Kernel/portable/ThirdParty/GCC/RP2040/port.c.obj
 .text.vEventGroupSetBitsCallback
                0x10007728       0x90 CMakeFiles/proyectofinal.dir/opt/FreeRTOS-Kernel/event_groups.c.obj
                0x10007728                vEventGroupSetBitsCallback
 .text.xEventGroupCreate
                0x100077b8       0x18 CMakeFiles/proyectofinal.dir/opt/FreeRTOS-Kernel/event_groups.c.obj
                0x100077b8                xEventGroupCreate
 .text.xEventGroupWaitBits
                0x100077d0       0xb8 CMakeFiles/proyectofinal.dir/opt/FreeRTOS-Kernel/event_groups.c.obj
                0x100077d0                xEventGroupWaitBits
 .text.xEventGroupSetBits
                0x10007888       0x9c CMakeFiles/proyectofinal.dir/opt/FreeRTOS-Kernel/event_groups.c.obj
                0x10007888                xEventGroupSetBits
 .text.xEventGroupSetBitsFromISR
                0x10007924       0x18 CMakeFiles/proyectofinal.dir/opt/FreeRTOS-Kernel/event_groups.c.obj
                0x10007924                xEventGroupSetBitsFromISR
 .text.vListInitialise
                0x1000793c       0x18 CMakeFiles/proyectofinal.dir/opt/FreeRTOS-Kernel/list.c.obj
                0x1000793c                vListInitialise
 .text.vListInitialiseItem
                0x10007954        0x8 CMakeFiles/proyectofinal.dir/opt/FreeRTOS-Kernel/list.c.obj
                0x10007954                vListInitialiseItem
 .text.vListInsertEnd
                0x1000795c       0x18 CMakeFiles/proyectofinal.dir/opt/FreeRTOS-Kernel/list.c.obj
                0x1000795c                vListInsertEnd
 .text.vListInsert
                0x10007974       0x30 CMakeFiles/proyectofinal.dir/opt/FreeRTOS-Kernel/list.c.obj
                0x10007974                vListInsert
 .text.uxListRemove
                0x100079a4       0x20 CMakeFiles/proyectofinal.dir/opt/FreeRTOS-Kernel/list.c.obj
                0x100079a4                uxListRemove
 .text.prvUnlockQueue
                0x100079c4      0x180 CMakeFiles/proyectofinal.dir/opt/FreeRTOS-Kernel/queue.c.obj
 .text.prvNotifyQueueSetContainer
                0x10007b44       0x90 CMakeFiles/proyectofinal.dir/opt/FreeRTOS-Kernel/queue.c.obj
 .text.xQueueGenericCreate
                0x10007bd4       0xa4 CMakeFiles/proyectofinal.dir/opt/FreeRTOS-Kernel/queue.c.obj
                0x10007bd4                xQueueGenericCreate
 .text.xQueueGenericSend
                0x10007c78      0x1d8 CMakeFiles/proyectofinal.dir/opt/FreeRTOS-Kernel/queue.c.obj
                0x10007c78                xQueueGenericSend
 .text.xQueueGenericSendFromISR
                0x10007e50      0x134 CMakeFiles/proyectofinal.dir/opt/FreeRTOS-Kernel/queue.c.obj
                0x10007e50                xQueueGenericSendFromISR
 .text.xQueueReceive
                0x10007f84      0x11c CMakeFiles/proyectofinal.dir/opt/FreeRTOS-Kernel/queue.c.obj
                0x10007f84                xQueueReceive
 .text.vQueueAddToRegistry
                0x100080a0      0x118 CMakeFiles/proyectofinal.dir/opt/FreeRTOS-Kernel/queue.c.obj
                0x100080a0                vQueueAddToRegistry
 .text.vQueueWaitForMessageRestricted
                0x100081b8       0x48 CMakeFiles/proyectofinal.dir/opt/FreeRTOS-Kernel/queue.c.obj
                0x100081b8                vQueueWaitForMessageRestricted
 .text.prvPassiveIdleTask
                0x10008200       0x20 CMakeFiles/proyectofinal.dir/opt/FreeRTOS-Kernel/tasks.c.obj
 .text.prvYieldForTask
                0x10008220       0xc0 CMakeFiles/proyectofinal.dir/opt/FreeRTOS-Kernel/tasks.c.obj
 .text.prvAddCurrentTaskToDelayedList
                0x100082e0      0x144 CMakeFiles/proyectofinal.dir/opt/FreeRTOS-Kernel/tasks.c.obj
 .text.vTaskExitCritical.part.0
                0x10008424       0x88 CMakeFiles/proyectofinal.dir/opt/FreeRTOS-Kernel/tasks.c.obj
 .text.prvCreateTask
                0x100084ac      0x158 CMakeFiles/proyectofinal.dir/opt/FreeRTOS-Kernel/tasks.c.obj
 .text.prvCheckForRunStateChange
                0x10008604      0x144 CMakeFiles/proyectofinal.dir/opt/FreeRTOS-Kernel/tasks.c.obj
 .text.xTaskIncrementTick.part.0
                0x10008748      0x1f0 CMakeFiles/proyectofinal.dir/opt/FreeRTOS-Kernel/tasks.c.obj
 .text.vTaskSuspendAll.part.0
                0x10008938       0xc0 CMakeFiles/proyectofinal.dir/opt/FreeRTOS-Kernel/tasks.c.obj
 .text.prvCheckTasksWaitingTermination
                0x100089f8      0x164 CMakeFiles/proyectofinal.dir/opt/FreeRTOS-Kernel/tasks.c.obj
 .text.prvIdleTask
                0x10008b5c       0x1c CMakeFiles/proyectofinal.dir/opt/FreeRTOS-Kernel/tasks.c.obj
 .text.vTaskSuspendAll
                0x10008b78       0xcc CMakeFiles/proyectofinal.dir/opt/FreeRTOS-Kernel/tasks.c.obj
                0x10008b78                vTaskSuspendAll
 .text.xTaskGetTickCount
                0x10008c44        0xc CMakeFiles/proyectofinal.dir/opt/FreeRTOS-Kernel/tasks.c.obj
                0x10008c44                xTaskGetTickCount
 .text.uxTaskGetNumberOfTasks
                0x10008c50        0xc CMakeFiles/proyectofinal.dir/opt/FreeRTOS-Kernel/tasks.c.obj
                0x10008c50                uxTaskGetNumberOfTasks
 .text.xTaskIncrementTick
                0x10008c5c       0x24 CMakeFiles/proyectofinal.dir/opt/FreeRTOS-Kernel/tasks.c.obj
                0x10008c5c                xTaskIncrementTick
 .text.vTaskSwitchContext
                0x10008c80      0x310 CMakeFiles/proyectofinal.dir/opt/FreeRTOS-Kernel/tasks.c.obj
                0x10008c80                vTaskSwitchContext
 .text.vTaskPlaceOnEventList
                0x10008f90      0x148 CMakeFiles/proyectofinal.dir/opt/FreeRTOS-Kernel/tasks.c.obj
                0x10008f90                vTaskPlaceOnEventList
 .text.vTaskPlaceOnUnorderedEventList
                0x100090d8       0x9c CMakeFiles/proyectofinal.dir/opt/FreeRTOS-Kernel/tasks.c.obj
                0x100090d8                vTaskPlaceOnUnorderedEventList
 .text.vTaskPlaceOnEventListRestricted
                0x10009174       0x8c CMakeFiles/proyectofinal.dir/opt/FreeRTOS-Kernel/tasks.c.obj
                0x10009174                vTaskPlaceOnEventListRestricted
 .text.xTaskRemoveFromEventList
                0x10009200       0xcc CMakeFiles/proyectofinal.dir/opt/FreeRTOS-Kernel/tasks.c.obj
                0x10009200                xTaskRemoveFromEventList
 .text.vTaskInternalSetTimeOutState
                0x100092cc       0x18 CMakeFiles/proyectofinal.dir/opt/FreeRTOS-Kernel/tasks.c.obj
                0x100092cc                vTaskInternalSetTimeOutState
 .text.xTaskCheckForTimeOut
                0x100092e4      0x188 CMakeFiles/proyectofinal.dir/opt/FreeRTOS-Kernel/tasks.c.obj
                0x100092e4                xTaskCheckForTimeOut
 .text.vTaskMissedYield
                0x1000946c       0x14 CMakeFiles/proyectofinal.dir/opt/FreeRTOS-Kernel/tasks.c.obj
                0x1000946c                vTaskMissedYield
 .text.xTaskGetCurrentTaskHandle
                0x10009480       0x1c CMakeFiles/proyectofinal.dir/opt/FreeRTOS-Kernel/tasks.c.obj
                0x10009480                xTaskGetCurrentTaskHandle
 .text.xTaskPriorityDisinherit
                0x1000949c       0xb8 CMakeFiles/proyectofinal.dir/opt/FreeRTOS-Kernel/tasks.c.obj
                0x1000949c                xTaskPriorityDisinherit
 .text.vTaskYieldWithinAPI
                0x10009554       0x28 CMakeFiles/proyectofinal.dir/opt/FreeRTOS-Kernel/tasks.c.obj
                0x10009554                vTaskYieldWithinAPI
 .text.vTaskEnterCritical
                0x1000957c       0xd8 CMakeFiles/proyectofinal.dir/opt/FreeRTOS-Kernel/tasks.c.obj
                0x1000957c                vTaskEnterCritical
 .text.prvAddNewTaskToReadyList
                0x10009654       0xf0 CMakeFiles/proyectofinal.dir/opt/FreeRTOS-Kernel/tasks.c.obj
 .text.xTaskCreate
                0x10009744       0x2c CMakeFiles/proyectofinal.dir/opt/FreeRTOS-Kernel/tasks.c.obj
                0x10009744                xTaskCreate
 .text.xTaskCreateAffinitySet
                0x10009770       0x28 CMakeFiles/proyectofinal.dir/opt/FreeRTOS-Kernel/tasks.c.obj
                0x10009770                xTaskCreateAffinitySet
 .text.vTaskStartScheduler
                0x10009798       0xb0 CMakeFiles/proyectofinal.dir/opt/FreeRTOS-Kernel/tasks.c.obj
                0x10009798                vTaskStartScheduler
 .text.xTaskResumeAll.part.0
                0x10009848      0x19c CMakeFiles/proyectofinal.dir/opt/FreeRTOS-Kernel/tasks.c.obj
 .text.xTaskResumeAll
                0x100099e4       0x18 CMakeFiles/proyectofinal.dir/opt/FreeRTOS-Kernel/tasks.c.obj
                0x100099e4                xTaskResumeAll
 .text.vTaskDelay
                0x100099fc       0x64 CMakeFiles/proyectofinal.dir/opt/FreeRTOS-Kernel/tasks.c.obj
                0x100099fc                vTaskDelay
 .text.vTaskRemoveFromUnorderedEventList
                0x10009a60       0x98 CMakeFiles/proyectofinal.dir/opt/FreeRTOS-Kernel/tasks.c.obj
                0x10009a60                vTaskRemoveFromUnorderedEventList
 .text.vTaskEnterCriticalFromISR
                0x10009af8       0x78 CMakeFiles/proyectofinal.dir/opt/FreeRTOS-Kernel/tasks.c.obj
                0x10009af8                vTaskEnterCriticalFromISR
 .text.vTaskExitCritical
                0x10009b70       0x94 CMakeFiles/proyectofinal.dir/opt/FreeRTOS-Kernel/tasks.c.obj
                0x10009b70                vTaskExitCritical
 .text.vTaskExitCriticalFromISR
                0x10009c04       0x60 CMakeFiles/proyectofinal.dir/opt/FreeRTOS-Kernel/tasks.c.obj
                0x10009c04                vTaskExitCriticalFromISR
 .text.uxTaskResetEventItemValue
                0x10009c64       0x48 CMakeFiles/proyectofinal.dir/opt/FreeRTOS-Kernel/tasks.c.obj
                0x10009c64                uxTaskResetEventItemValue
 .text.prvTimerTask
                0x10009cac      0x38c CMakeFiles/proyectofinal.dir/opt/FreeRTOS-Kernel/timers.c.obj
 .text.xTimerCreateTimerTask
                0x1000a038       0x90 CMakeFiles/proyectofinal.dir/opt/FreeRTOS-Kernel/timers.c.obj
                0x1000a038                xTimerCreateTimerTask
 .text.xTimerPendFunctionCallFromISR
                0x1000a0c8       0x28 CMakeFiles/proyectofinal.dir/opt/FreeRTOS-Kernel/timers.c.obj
                0x1000a0c8                xTimerPendFunctionCallFromISR
 .text.exception_set_exclusive_handler
                0x1000a0f0       0x48 CMakeFiles/proyectofinal.dir/opt/pico-sdk/src/rp2_common/hardware_exception/exception.c.obj
                0x1000a0f0                exception_set_exclusive_handler
 .text.core1_trampoline
                0x1000a138        0x4 CMakeFiles/proyectofinal.dir/opt/pico-sdk/src/rp2_common/pico_multicore/multicore.c.obj
 .text.core1_wrapper
                0x1000a13c        0xc CMakeFiles/proyectofinal.dir/opt/pico-sdk/src/rp2_common/pico_multicore/multicore.c.obj
                0x1000a13c                core1_wrapper
 .text.multicore_reset_core1
                0x1000a148       0x58 CMakeFiles/proyectofinal.dir/opt/pico-sdk/src/rp2_common/pico_multicore/multicore.c.obj
                0x1000a148                multicore_reset_core1
 .text.multicore_launch_core1_raw
                0x1000a1a0       0x84 CMakeFiles/proyectofinal.dir/opt/pico-sdk/src/rp2_common/pico_multicore/multicore.c.obj
                0x1000a1a0                multicore_launch_core1_raw
 .text.multicore_launch_core1
                0x1000a224       0x58 CMakeFiles/proyectofinal.dir/opt/pico-sdk/src/rp2_common/pico_multicore/multicore.c.obj
                0x1000a224                multicore_launch_core1
 .text.i2c_set_baudrate
                0x1000a27c       0xc0 CMakeFiles/proyectofinal.dir/opt/pico-sdk/src/rp2_common/hardware_i2c/i2c.c.obj
                0x1000a27c                i2c_set_baudrate
 .text.i2c_init
                0x1000a33c       0x50 CMakeFiles/proyectofinal.dir/opt/pico-sdk/src/rp2_common/hardware_i2c/i2c.c.obj
                0x1000a33c                i2c_init
 .text.i2c_write_blocking
                0x1000a38c       0xd0 CMakeFiles/proyectofinal.dir/opt/pico-sdk/src/rp2_common/hardware_i2c/i2c.c.obj
                0x1000a38c                i2c_write_blocking
 .text.i2c_read_blocking
                0x1000a45c       0x90 CMakeFiles/proyectofinal.dir/opt/pico-sdk/src/rp2_common/hardware_i2c/i2c.c.obj
                0x1000a45c                i2c_read_blocking
 .text.lwip_timeout_reached
                0x1000a4ec        0x8 CMakeFiles/proyectofinal.dir/opt/pico-sdk/src/rp2_common/pico_lwip/lwip_nosys.c.obj
 .text.update_next_timeout
                0x1000a4f4       0x60 CMakeFiles/proyectofinal.dir/opt/pico-sdk/src/rp2_common/pico_lwip/lwip_nosys.c.obj
 .text.lwip_nosys_init
                0x1000a554       0x30 CMakeFiles/proyectofinal.dir/opt/pico-sdk/src/rp2_common/pico_lwip/lwip_nosys.c.obj
                0x1000a554                lwip_nosys_init
 .text.lwip_nosys_deinit
                0x1000a584       0x20 CMakeFiles/proyectofinal.dir/opt/pico-sdk/src/rp2_common/pico_lwip/lwip_nosys.c.obj
                0x1000a584                lwip_nosys_deinit
 .text.sys_arch_protect
                0x1000a5a4        0x4 CMakeFiles/proyectofinal.dir/opt/pico-sdk/src/rp2_common/pico_lwip/lwip_nosys.c.obj
                0x1000a5a4                sys_arch_protect
 .text.sys_arch_unprotect
                0x1000a5a8        0x4 CMakeFiles/proyectofinal.dir/opt/pico-sdk/src/rp2_common/pico_lwip/lwip_nosys.c.obj
                0x1000a5a8                sys_arch_unprotect
 .text.sys_now  0x1000a5ac       0x20 CMakeFiles/proyectofinal.dir/opt/pico-sdk/src/rp2_common/pico_lwip/lwip_nosys.c.obj
                0x1000a5ac                sys_now
 .text.async_context_base_add_at_time_worker
                0x1000a5cc       0x24 CMakeFiles/proyectofinal.dir/opt/pico-sdk/src/rp2_common/pico_async_context/async_context_base.c.obj
                0x1000a5cc                async_context_base_add_at_time_worker
 .text.async_context_base_remove_at_time_worker
                0x1000a5f0       0x28 CMakeFiles/proyectofinal.dir/opt/pico-sdk/src/rp2_common/pico_async_context/async_context_base.c.obj
                0x1000a5f0                async_context_base_remove_at_time_worker
 .text.async_context_base_add_when_pending_worker
                0x1000a618       0x24 CMakeFiles/proyectofinal.dir/opt/pico-sdk/src/rp2_common/pico_async_context/async_context_base.c.obj
                0x1000a618                async_context_base_add_when_pending_worker
 .text.async_context_base_remove_when_pending_worker
                0x1000a63c       0x28 CMakeFiles/proyectofinal.dir/opt/pico-sdk/src/rp2_common/pico_async_context/async_context_base.c.obj
                0x1000a63c                async_context_base_remove_when_pending_worker
 .text.async_context_base_execute_once
                0x1000a664      0x108 CMakeFiles/proyectofinal.dir/opt/pico-sdk/src/rp2_common/pico_async_context/async_context_base.c.obj
                0x1000a664                async_context_base_execute_once
 .text.async_context_base_needs_servicing
                0x1000a76c       0x54 CMakeFiles/proyectofinal.dir/opt/pico-sdk/src/rp2_common/pico_async_context/async_context_base.c.obj
                0x1000a76c                async_context_base_needs_servicing
 .text.splitmix64
                0x1000a7c0       0x58 CMakeFiles/proyectofinal.dir/opt/pico-sdk/src/rp2_common/pico_rand/rand.c.obj
 .text.xoroshiro128ss
                0x1000a818       0x90 CMakeFiles/proyectofinal.dir/opt/pico-sdk/src/rp2_common/pico_rand/rand.c.obj
 .text.get_rand_64
                0x1000a8a8      0x42c CMakeFiles/proyectofinal.dir/opt/pico-sdk/src/rp2_common/pico_rand/rand.c.obj
                0x1000a8a8                get_rand_64
 .text.get_rand_32
                0x1000acd4        0x8 CMakeFiles/proyectofinal.dir/opt/pico-sdk/src/rp2_common/pico_rand/rand.c.obj
                0x1000acd4                get_rand_32
 .text.lwip_init
                0x1000acdc       0x24 CMakeFiles/proyectofinal.dir/opt/pico-sdk/lib/lwip/src/core/init.c.obj
                0x1000acdc                lwip_init
 .text.lwip_htons
                0x1000ad00        0x8 CMakeFiles/proyectofinal.dir/opt/pico-sdk/lib/lwip/src/core/def.c.obj
                0x1000ad00                lwip_htons
 .text.lwip_htonl
                0x1000ad08        0x4 CMakeFiles/proyectofinal.dir/opt/pico-sdk/lib/lwip/src/core/def.c.obj
                0x1000ad08                lwip_htonl
 .text.dns_call_found
                0x1000ad0c      0x184 CMakeFiles/proyectofinal.dir/opt/pico-sdk/lib/lwip/src/core/dns.c.obj
 .text.dns_send.isra.0
                0x1000ae90      0x174 CMakeFiles/proyectofinal.dir/opt/pico-sdk/lib/lwip/src/core/dns.c.obj
 .text.dns_init
                0x1000b004        0x4 CMakeFiles/proyectofinal.dir/opt/pico-sdk/lib/lwip/src/core/dns.c.obj
                0x1000b004                dns_init
 .text.dns_setserver
                0x1000b008       0x24 CMakeFiles/proyectofinal.dir/opt/pico-sdk/lib/lwip/src/core/dns.c.obj
                0x1000b008                dns_setserver
 .text.dns_tmr  0x1000b02c      0x140 CMakeFiles/proyectofinal.dir/opt/pico-sdk/lib/lwip/src/core/dns.c.obj
                0x1000b02c                dns_tmr
 .text.lwip_standard_chksum
                0x1000b16c       0xdc CMakeFiles/proyectofinal.dir/opt/pico-sdk/lib/lwip/src/core/inet_chksum.c.obj
                0x1000b16c                lwip_standard_chksum
 .text.inet_chksum_pseudo
                0x1000b248       0xbc CMakeFiles/proyectofinal.dir/opt/pico-sdk/lib/lwip/src/core/inet_chksum.c.obj
                0x1000b248                inet_chksum_pseudo
 .text.ip_chksum_pseudo
                0x1000b304       0x10 CMakeFiles/proyectofinal.dir/opt/pico-sdk/lib/lwip/src/core/inet_chksum.c.obj
                0x1000b304                ip_chksum_pseudo
 .text.inet_chksum
                0x1000b314        0xc CMakeFiles/proyectofinal.dir/opt/pico-sdk/lib/lwip/src/core/inet_chksum.c.obj
                0x1000b314                inet_chksum
 .text.inet_chksum_pbuf
                0x1000b320       0x78 CMakeFiles/proyectofinal.dir/opt/pico-sdk/lib/lwip/src/core/inet_chksum.c.obj
                0x1000b320                inet_chksum_pbuf
 .text.mem_init
                0x1000b398       0x3c CMakeFiles/proyectofinal.dir/opt/pico-sdk/lib/lwip/src/core/mem.c.obj
                0x1000b398                mem_init
 .text.mem_free
                0x1000b3d4      0x130 CMakeFiles/proyectofinal.dir/opt/pico-sdk/lib/lwip/src/core/mem.c.obj
                0x1000b3d4                mem_free
 .text.mem_trim
                0x1000b504      0x104 CMakeFiles/proyectofinal.dir/opt/pico-sdk/lib/lwip/src/core/mem.c.obj
                0x1000b504                mem_trim
 .text.mem_malloc
                0x1000b608      0x124 CMakeFiles/proyectofinal.dir/opt/pico-sdk/lib/lwip/src/core/mem.c.obj
                0x1000b608                mem_malloc
 .text.memp_init
                0x1000b72c       0x6c CMakeFiles/proyectofinal.dir/opt/pico-sdk/lib/lwip/src/core/memp.c.obj
                0x1000b72c                memp_init
 .text.memp_malloc
                0x1000b798       0x40 CMakeFiles/proyectofinal.dir/opt/pico-sdk/lib/lwip/src/core/memp.c.obj
                0x1000b798                memp_malloc
 .text.memp_free
                0x1000b7d8       0x38 CMakeFiles/proyectofinal.dir/opt/pico-sdk/lib/lwip/src/core/memp.c.obj
                0x1000b7d8                memp_free
 .text.netif_null_output_ip4
                0x1000b810        0x8 CMakeFiles/proyectofinal.dir/opt/pico-sdk/lib/lwip/src/core/netif.c.obj
 .text.netif_do_set_ipaddr.isra.0
                0x1000b818       0x60 CMakeFiles/proyectofinal.dir/opt/pico-sdk/lib/lwip/src/core/netif.c.obj
 .text.netif_init
                0x1000b878        0x4 CMakeFiles/proyectofinal.dir/opt/pico-sdk/lib/lwip/src/core/netif.c.obj
                0x1000b878                netif_init
 .text.netif_add
                0x1000b87c      0x16c CMakeFiles/proyectofinal.dir/opt/pico-sdk/lib/lwip/src/core/netif.c.obj
                0x1000b87c                netif_add
 .text.netif_set_addr
                0x1000b9e8       0xb4 CMakeFiles/proyectofinal.dir/opt/pico-sdk/lib/lwip/src/core/netif.c.obj
                0x1000b9e8                netif_set_addr
 .text.netif_remove
                0x1000ba9c       0x94 CMakeFiles/proyectofinal.dir/opt/pico-sdk/lib/lwip/src/core/netif.c.obj
                0x1000ba9c                netif_remove
 .text.netif_set_default
                0x1000bb30        0xc CMakeFiles/proyectofinal.dir/opt/pico-sdk/lib/lwip/src/core/netif.c.obj
                0x1000bb30                netif_set_default
 .text.netif_set_up
                0x1000bb3c       0x40 CMakeFiles/proyectofinal.dir/opt/pico-sdk/lib/lwip/src/core/netif.c.obj
                0x1000bb3c                netif_set_up
 .text.netif_set_link_up
                0x1000bb7c       0x44 CMakeFiles/proyectofinal.dir/opt/pico-sdk/lib/lwip/src/core/netif.c.obj
                0x1000bb7c                netif_set_link_up
 .text.netif_set_link_down
                0x1000bbc0       0x20 CMakeFiles/proyectofinal.dir/opt/pico-sdk/lib/lwip/src/core/netif.c.obj
                0x1000bbc0                netif_set_link_down
 .text.netif_get_by_index
                0x1000bbe0       0x2c CMakeFiles/proyectofinal.dir/opt/pico-sdk/lib/lwip/src/core/netif.c.obj
                0x1000bbe0                netif_get_by_index
 .text.pbuf_free.part.0
                0x1000bc0c       0x7c CMakeFiles/proyectofinal.dir/opt/pico-sdk/lib/lwip/src/core/pbuf.c.obj
 .text.pbuf_free_ooseq
                0x1000bc88       0x34 CMakeFiles/proyectofinal.dir/opt/pico-sdk/lib/lwip/src/core/pbuf.c.obj
                0x1000bc88                pbuf_free_ooseq
 .text.pbuf_alloc
                0x1000bcbc      0x134 CMakeFiles/proyectofinal.dir/opt/pico-sdk/lib/lwip/src/core/pbuf.c.obj
                0x1000bcbc                pbuf_alloc
 .text.pbuf_realloc
                0x1000bdf0       0x84 CMakeFiles/proyectofinal.dir/opt/pico-sdk/lib/lwip/src/core/pbuf.c.obj
                0x1000bdf0                pbuf_realloc
 .text.pbuf_add_header
                0x1000be74       0x50 CMakeFiles/proyectofinal.dir/opt/pico-sdk/lib/lwip/src/core/pbuf.c.obj
                0x1000be74                pbuf_add_header
 .text.pbuf_remove_header
                0x1000bec4       0x3c CMakeFiles/proyectofinal.dir/opt/pico-sdk/lib/lwip/src/core/pbuf.c.obj
                0x1000bec4                pbuf_remove_header
 .text.pbuf_header_force
                0x1000bf00       0x68 CMakeFiles/proyectofinal.dir/opt/pico-sdk/lib/lwip/src/core/pbuf.c.obj
                0x1000bf00                pbuf_header_force
 .text.pbuf_free
                0x1000bf68       0x18 CMakeFiles/proyectofinal.dir/opt/pico-sdk/lib/lwip/src/core/pbuf.c.obj
                0x1000bf68                pbuf_free
 .text.pbuf_clen
                0x1000bf80       0x14 CMakeFiles/proyectofinal.dir/opt/pico-sdk/lib/lwip/src/core/pbuf.c.obj
                0x1000bf80                pbuf_clen
 .text.pbuf_ref
                0x1000bf94       0x28 CMakeFiles/proyectofinal.dir/opt/pico-sdk/lib/lwip/src/core/pbuf.c.obj
                0x1000bf94                pbuf_ref
 .text.pbuf_cat
                0x1000bfbc       0x44 CMakeFiles/proyectofinal.dir/opt/pico-sdk/lib/lwip/src/core/pbuf.c.obj
                0x1000bfbc                pbuf_cat
 .text.pbuf_chain
                0x1000c000       0x64 CMakeFiles/proyectofinal.dir/opt/pico-sdk/lib/lwip/src/core/pbuf.c.obj
                0x1000c000                pbuf_chain
 .text.pbuf_copy_partial_pbuf
                0x1000c064      0x148 CMakeFiles/proyectofinal.dir/opt/pico-sdk/lib/lwip/src/core/pbuf.c.obj
                0x1000c064                pbuf_copy_partial_pbuf
 .text.pbuf_copy
                0x1000c1ac       0x18 CMakeFiles/proyectofinal.dir/opt/pico-sdk/lib/lwip/src/core/pbuf.c.obj
                0x1000c1ac                pbuf_copy
 .text.pbuf_copy_partial
                0x1000c1c4       0x68 CMakeFiles/proyectofinal.dir/opt/pico-sdk/lib/lwip/src/core/pbuf.c.obj
                0x1000c1c4                pbuf_copy_partial
 .text.pbuf_take
                0x1000c22c       0x78 CMakeFiles/proyectofinal.dir/opt/pico-sdk/lib/lwip/src/core/pbuf.c.obj
                0x1000c22c                pbuf_take
 .text.pbuf_take_at
                0x1000c2a4       0xcc CMakeFiles/proyectofinal.dir/opt/pico-sdk/lib/lwip/src/core/pbuf.c.obj
                0x1000c2a4                pbuf_take_at
 .text.pbuf_clone
                0x1000c370       0x30 CMakeFiles/proyectofinal.dir/opt/pico-sdk/lib/lwip/src/core/pbuf.c.obj
                0x1000c370                pbuf_clone
 .text.pbuf_put_at
                0x1000c3a0       0x1c CMakeFiles/proyectofinal.dir/opt/pico-sdk/lib/lwip/src/core/pbuf.c.obj
                0x1000c3a0                pbuf_put_at
 .text.raw_input
                0x1000c3bc      0x164 CMakeFiles/proyectofinal.dir/opt/pico-sdk/lib/lwip/src/core/raw.c.obj
                0x1000c3bc                raw_input
 .text.raw_netif_ip_addr_changed
                0x1000c520       0x40 CMakeFiles/proyectofinal.dir/opt/pico-sdk/lib/lwip/src/core/raw.c.obj
                0x1000c520                raw_netif_ip_addr_changed
 .text.stats_init
                0x1000c560        0x4 CMakeFiles/proyectofinal.dir/opt/pico-sdk/lib/lwip/src/core/stats.c.obj
                0x1000c560                stats_init
 .text.tcp_close_shutdown_fin
                0x1000c564       0x54 CMakeFiles/proyectofinal.dir/opt/pico-sdk/lib/lwip/src/core/tcp.c.obj
 .text.tcp_pcb_purge.part.0
                0x1000c5b8       0xc4 CMakeFiles/proyectofinal.dir/opt/pico-sdk/lib/lwip/src/core/tcp.c.obj
 .text.tcp_init
                0x1000c67c       0x20 CMakeFiles/proyectofinal.dir/opt/pico-sdk/lib/lwip/src/core/tcp.c.obj
                0x1000c67c                tcp_init
 .text.tcp_free
                0x1000c69c       0x1c CMakeFiles/proyectofinal.dir/opt/pico-sdk/lib/lwip/src/core/tcp.c.obj
                0x1000c69c                tcp_free
 .text.tcp_update_rcv_ann_wnd
                0x1000c6b8       0x58 CMakeFiles/proyectofinal.dir/opt/pico-sdk/lib/lwip/src/core/tcp.c.obj
                0x1000c6b8                tcp_update_rcv_ann_wnd
 .text.tcp_recved
                0x1000c710       0x98 CMakeFiles/proyectofinal.dir/opt/pico-sdk/lib/lwip/src/core/tcp.c.obj
                0x1000c710                tcp_recved
 .text.tcp_slowtmr
                0x1000c7a8      0x524 CMakeFiles/proyectofinal.dir/opt/pico-sdk/lib/lwip/src/core/tcp.c.obj
                0x1000c7a8                tcp_slowtmr
 .text.tcp_segs_free
                0x1000cccc       0x38 CMakeFiles/proyectofinal.dir/opt/pico-sdk/lib/lwip/src/core/tcp.c.obj
                0x1000cccc                tcp_segs_free
 .text.tcp_seg_free
                0x1000cd04       0x1c CMakeFiles/proyectofinal.dir/opt/pico-sdk/lib/lwip/src/core/tcp.c.obj
                0x1000cd04                tcp_seg_free
 .text.tcp_seg_copy
                0x1000cd20       0x2c CMakeFiles/proyectofinal.dir/opt/pico-sdk/lib/lwip/src/core/tcp.c.obj
                0x1000cd20                tcp_seg_copy
 .text.tcp_pcb_purge
                0x1000cd4c       0x18 CMakeFiles/proyectofinal.dir/opt/pico-sdk/lib/lwip/src/core/tcp.c.obj
                0x1000cd4c                tcp_pcb_purge
 .text.tcp_pcb_remove
                0x1000cd64       0xc8 CMakeFiles/proyectofinal.dir/opt/pico-sdk/lib/lwip/src/core/tcp.c.obj
                0x1000cd64                tcp_pcb_remove
 .text.tcp_abandon
                0x1000ce2c      0x1a0 CMakeFiles/proyectofinal.dir/opt/pico-sdk/lib/lwip/src/core/tcp.c.obj
                0x1000ce2c                tcp_abandon
 .text.tcp_abort
                0x1000cfcc        0xc CMakeFiles/proyectofinal.dir/opt/pico-sdk/lib/lwip/src/core/tcp.c.obj
                0x1000cfcc                tcp_abort
 .text.tcp_alloc
                0x1000cfd8      0x1d4 CMakeFiles/proyectofinal.dir/opt/pico-sdk/lib/lwip/src/core/tcp.c.obj
                0x1000cfd8                tcp_alloc
 .text.tcp_close_shutdown
                0x1000d1ac      0x188 CMakeFiles/proyectofinal.dir/opt/pico-sdk/lib/lwip/src/core/tcp.c.obj
 .text.tcp_recv_null
                0x1000d334       0xcc CMakeFiles/proyectofinal.dir/opt/pico-sdk/lib/lwip/src/core/tcp.c.obj
                0x1000d334                tcp_recv_null
 .text.tcp_process_refused_data
                0x1000d400       0x78 CMakeFiles/proyectofinal.dir/opt/pico-sdk/lib/lwip/src/core/tcp.c.obj
                0x1000d400                tcp_process_refused_data
 .text.tcp_fasttmr
                0x1000d478       0x98 CMakeFiles/proyectofinal.dir/opt/pico-sdk/lib/lwip/src/core/tcp.c.obj
                0x1000d478                tcp_fasttmr
 .text.tcp_tmr  0x1000d510       0x20 CMakeFiles/proyectofinal.dir/opt/pico-sdk/lib/lwip/src/core/tcp.c.obj
                0x1000d510                tcp_tmr
 .text.tcp_next_iss
                0x1000d530       0x28 CMakeFiles/proyectofinal.dir/opt/pico-sdk/lib/lwip/src/core/tcp.c.obj
                0x1000d530                tcp_next_iss
 .text.tcp_eff_send_mss_netif
                0x1000d558       0x34 CMakeFiles/proyectofinal.dir/opt/pico-sdk/lib/lwip/src/core/tcp.c.obj
                0x1000d558                tcp_eff_send_mss_netif
 .text.tcp_netif_ip_addr_changed
                0x1000d58c       0x94 CMakeFiles/proyectofinal.dir/opt/pico-sdk/lib/lwip/src/core/tcp.c.obj
                0x1000d58c                tcp_netif_ip_addr_changed
 .text.tcp_free_ooseq
                0x1000d620       0x40 CMakeFiles/proyectofinal.dir/opt/pico-sdk/lib/lwip/src/core/tcp.c.obj
                0x1000d620                tcp_free_ooseq
 .text.tcp_parseopt
                0x1000d660      0x1bc CMakeFiles/proyectofinal.dir/opt/pico-sdk/lib/lwip/src/core/tcp_in.c.obj
 .text.tcp_oos_insert_segment
                0x1000d81c       0xdc CMakeFiles/proyectofinal.dir/opt/pico-sdk/lib/lwip/src/core/tcp_in.c.obj
 .text.tcp_free_acked_segments.isra.0
                0x1000d8f8       0xdc CMakeFiles/proyectofinal.dir/opt/pico-sdk/lib/lwip/src/core/tcp_in.c.obj
 .text.tcp_receive
                0x1000d9d4      0xa00 CMakeFiles/proyectofinal.dir/opt/pico-sdk/lib/lwip/src/core/tcp_in.c.obj
 .text.tcp_input
                0x1000e3d4      0xe54 CMakeFiles/proyectofinal.dir/opt/pico-sdk/lib/lwip/src/core/tcp_in.c.obj
                0x1000e3d4                tcp_input
 .text.tcp_trigger_input_pcb_close
                0x1000f228       0x10 CMakeFiles/proyectofinal.dir/opt/pico-sdk/lib/lwip/src/core/tcp_in.c.obj
                0x1000f228                tcp_trigger_input_pcb_close
 .text.tcp_create_segment
                0x1000f238       0xf8 CMakeFiles/proyectofinal.dir/opt/pico-sdk/lib/lwip/src/core/tcp_out.c.obj
 .text.tcp_output_control_segment
                0x1000f330       0xc0 CMakeFiles/proyectofinal.dir/opt/pico-sdk/lib/lwip/src/core/tcp_out.c.obj
 .text.tcp_output_alloc_header.constprop.0
                0x1000f3f0       0xc8 CMakeFiles/proyectofinal.dir/opt/pico-sdk/lib/lwip/src/core/tcp_out.c.obj
 .text.tcp_split_unsent_seg
                0x1000f4b8      0x1b4 CMakeFiles/proyectofinal.dir/opt/pico-sdk/lib/lwip/src/core/tcp_out.c.obj
                0x1000f4b8                tcp_split_unsent_seg
 .text.tcp_send_fin
                0x1000f66c      0x118 CMakeFiles/proyectofinal.dir/opt/pico-sdk/lib/lwip/src/core/tcp_out.c.obj
                0x1000f66c                tcp_send_fin
 .text.tcp_enqueue_flags
                0x1000f784      0x108 CMakeFiles/proyectofinal.dir/opt/pico-sdk/lib/lwip/src/core/tcp_out.c.obj
                0x1000f784                tcp_enqueue_flags
 .text.tcp_rexmit_rto_prepare
                0x1000f88c       0x9c CMakeFiles/proyectofinal.dir/opt/pico-sdk/lib/lwip/src/core/tcp_out.c.obj
                0x1000f88c                tcp_rexmit_rto_prepare
 .text.tcp_rexmit
                0x1000f928       0x9c CMakeFiles/proyectofinal.dir/opt/pico-sdk/lib/lwip/src/core/tcp_out.c.obj
                0x1000f928                tcp_rexmit
 .text.tcp_rexmit_fast
                0x1000f9c4       0x64 CMakeFiles/proyectofinal.dir/opt/pico-sdk/lib/lwip/src/core/tcp_out.c.obj
                0x1000f9c4                tcp_rexmit_fast
 .text.tcp_rst  0x1000fa28       0xe8 CMakeFiles/proyectofinal.dir/opt/pico-sdk/lib/lwip/src/core/tcp_out.c.obj
                0x1000fa28                tcp_rst
 .text.tcp_rst_netif
                0x1000fb10      0x130 CMakeFiles/proyectofinal.dir/opt/pico-sdk/lib/lwip/src/core/tcp_out.c.obj
                0x1000fb10                tcp_rst_netif
 .text.tcp_send_empty_ack
                0x1000fc40       0x4c CMakeFiles/proyectofinal.dir/opt/pico-sdk/lib/lwip/src/core/tcp_out.c.obj
                0x1000fc40                tcp_send_empty_ack
 .text.tcp_output
                0x1000fc8c      0x454 CMakeFiles/proyectofinal.dir/opt/pico-sdk/lib/lwip/src/core/tcp_out.c.obj
                0x1000fc8c                tcp_output
 .text.tcp_rexmit_rto_commit
                0x100100e0       0x24 CMakeFiles/proyectofinal.dir/opt/pico-sdk/lib/lwip/src/core/tcp_out.c.obj
                0x100100e0                tcp_rexmit_rto_commit
 .text.tcp_rexmit_rto
                0x10010104       0xa4 CMakeFiles/proyectofinal.dir/opt/pico-sdk/lib/lwip/src/core/tcp_out.c.obj
                0x10010104                tcp_rexmit_rto
 .text.tcp_keepalive
                0x100101a8       0xdc CMakeFiles/proyectofinal.dir/opt/pico-sdk/lib/lwip/src/core/tcp_out.c.obj
                0x100101a8                tcp_keepalive
 .text.tcp_zero_window_probe
                0x10010284      0x110 CMakeFiles/proyectofinal.dir/opt/pico-sdk/lib/lwip/src/core/tcp_out.c.obj
                0x10010284                tcp_zero_window_probe
 .text.tcpip_tcp_timer
                0x10010394       0x78 CMakeFiles/proyectofinal.dir/opt/pico-sdk/lib/lwip/src/core/timeouts.c.obj
 .text.lwip_cyclic_timer
                0x1001040c       0x98 CMakeFiles/proyectofinal.dir/opt/pico-sdk/lib/lwip/src/core/timeouts.c.obj
 .text.tcp_timer_needed
                0x100104a4       0x7c CMakeFiles/proyectofinal.dir/opt/pico-sdk/lib/lwip/src/core/timeouts.c.obj
                0x100104a4                tcp_timer_needed
 .text.sys_timeouts_init
                0x10010520       0x8c CMakeFiles/proyectofinal.dir/opt/pico-sdk/lib/lwip/src/core/timeouts.c.obj
                0x10010520                sys_timeouts_init
 .text.sys_check_timeouts
                0x100105ac       0x68 CMakeFiles/proyectofinal.dir/opt/pico-sdk/lib/lwip/src/core/timeouts.c.obj
                0x100105ac                sys_check_timeouts
 .text.sys_timeouts_sleeptime
                0x10010614       0x28 CMakeFiles/proyectofinal.dir/opt/pico-sdk/lib/lwip/src/core/timeouts.c.obj
                0x10010614                sys_timeouts_sleeptime
 .text.udp_init
                0x1001063c       0x20 CMakeFiles/proyectofinal.dir/opt/pico-sdk/lib/lwip/src/core/udp.c.obj
                0x1001063c                udp_init
 .text.udp_input
                0x1001065c      0x320 CMakeFiles/proyectofinal.dir/opt/pico-sdk/lib/lwip/src/core/udp.c.obj
                0x1001065c                udp_input
 .text.udp_bind
                0x1001097c      0x118 CMakeFiles/proyectofinal.dir/opt/pico-sdk/lib/lwip/src/core/udp.c.obj
                0x1001097c                udp_bind
 .text.udp_sendto_if_src